../Core/Src/main.c:42:7:Apply_Notch_Filter	32	static
../Core/Src/main.c:59:5:main	88	static
../Core/Src/main.c:110:6:SystemClock_Config	88	static
../Core/Src/main.c:148:13:MX_ADC1_Init	24	static
../Core/Src/main.c:182:13:MX_USART2_UART_Init	8	static
../Core/Src/main.c:200:13:MX_GPIO_Init	16	static
../Core/Src/main.c:207:10:Read_ADC_Channel	48	static
../Core/Src/main.c:230:5:_write	24	static
../Core/Src/main.c:237:6:BSP_PB_IRQHandler	16	static
../Core/Src/main.c:243:6:Error_Handler	4	static,ignoring_inline_asm
