2026-09-14 16:18:35,452 [ERROR] LogOutputStream:75 - [STDERR_REDIRECT] 
2026-09-14 18:52:54,488 [INFO] Activator:176 - 


2026-09-14 18:52:54,490 [INFO] Activator:177 - !SESSION log4j initialized
2026-09-14 18:52:58,955 [INFO] LogOutputStream:77 - [STDOUT_REDIRECT] 
2026-09-14 18:53:00,593 [ERROR] LogOutputStream:75 - [STDERR_REDIRECT] 
2026-09-14 18:53:03,335 [INFO] LogOutputStream:77 - [STDOUT_REDIRECT] 
2026-09-14 18:53:04,398 [INFO] ApplicationProperties:184 - Using Application install path: /Applications/STM32CubeIDE.app/Contents/Eclipse/plugins/com.st.stm32cube.common.mx_6.15.0.202507011659
2026-09-14 18:53:04,417 [INFO] DbMcusXml:78 - Set database path to: /Applications/STM32CubeIDE.app/Contents/Eclipse/plugins/com.st.stm32cube.common.mx_6.15.0.202507011659//db//mcu/
2026-09-14 18:53:04,418 [INFO] ApiDb:274 - Set plugin database path to: /Applications/STM32CubeIDE.app/Contents/Eclipse/plugins/com.st.stm32cube.common.mx_6.15.0.202507011659//db//plugins/boardmanager/
2026-09-14 18:53:04,421 [WARN] ApiDb:259 - Overriding images path with different value:  => /Applications/STM32CubeIDE.app/Contents/Eclipse/plugins/com.st.stm32cube.common.mx_6.15.0.202507011659//db//plugins/mcufinder/images/
2026-09-14 18:53:04,432 [INFO] ApiDb:250 - Set database path to: /Users/leon/.stmcufinder/plugins/mcufinder//mcu/
2026-09-14 18:53:04,433 [INFO] DbMcusAds:125 - Set database path to: /Users/leon/.stmcufinder/plugins/mcufinder//mcu/
2026-09-14 18:53:04,435 [INFO] CrossReferenceDbSqlite:203 - Set database path to: /Users/leon/.stmcufinder/plugins/mcufinder//mcu/cs/
2026-09-14 18:53:04,641 [INFO] RulesReader:64 - Compatibility file has been processed (317 Rules)
2026-09-14 18:53:04,711 [INFO] DbMcusXml:78 - Set database path to: /Applications/STM32CubeIDE.app/Contents/Eclipse/plugins/com.st.stm32cube.common.mx_6.15.0.202507011659//db//mcu/
2026-09-14 18:53:04,711 [INFO] ApiDb:274 - Set plugin database path to: /Applications/STM32CubeIDE.app/Contents/Eclipse/plugins/com.st.stm32cube.common.mx_6.15.0.202507011659//db//plugins/boardmanager/
2026-09-14 18:53:04,711 [INFO] ApiDb:261 - Set plugin images path to: /Applications/STM32CubeIDE.app/Contents/Eclipse/plugins/com.st.stm32cube.common.mx_6.15.0.202507011659//db//plugins/mcufinder/images/
2026-09-14 18:53:04,711 [WARN] DbFile:41 - Overriding database path with different value: /Users/leon/.stmcufinder/plugins/mcufinder/ => /Users/leon/.stmcufinder/plugins/mcufinder
2026-09-14 18:53:04,712 [INFO] ApiDb:250 - Set database path to: /Users/leon/.stmcufinder/plugins/mcufinder//mcu/
2026-09-14 18:53:04,712 [WARN] DbFile:41 - Overriding database path with different value: /Users/leon/.stmcufinder/plugins/mcufinder/ => /Users/leon/.stmcufinder/plugins/mcufinder
2026-09-14 18:53:04,712 [INFO] DbMcusAds:125 - Set database path to: /Users/leon/.stmcufinder/plugins/mcufinder//mcu/
2026-09-14 18:53:04,712 [WARN] DbFile:41 - Overriding database path with different value: /Users/leon/.stmcufinder/plugins/mcufinder/ => /Users/leon/.stmcufinder/plugins/mcufinder
2026-09-14 18:53:04,712 [WARN] DbFile:41 - Overriding database path with different value: /Users/leon/.stmcufinder/plugins/mcufinder/ => /Users/leon/.stmcufinder/plugins/mcufinder
2026-09-14 18:53:04,712 [INFO] CrossReferenceDbSqlite:203 - Set database path to: /Users/leon/.stmcufinder/plugins/mcufinder//mcu/cs/
2026-09-14 18:53:04,799 [INFO] MainPanel:274 - HeapMemory: 268435456
2026-09-14 18:53:05,320 [INFO] DbMcusXml:78 - Set database path to: /Applications/STM32CubeIDE.app/Contents/Eclipse/plugins/com.st.stm32cube.common.mx_6.15.0.202507011659//db//mcu/
2026-09-14 18:53:05,321 [INFO] ApiDb:274 - Set plugin database path to: /Applications/STM32CubeIDE.app/Contents/Eclipse/plugins/com.st.stm32cube.common.mx_6.15.0.202507011659//db//plugins/boardmanager/
2026-09-14 18:53:05,321 [INFO] ApiDb:261 - Set plugin images path to: /Applications/STM32CubeIDE.app/Contents/Eclipse/plugins/com.st.stm32cube.common.mx_6.15.0.202507011659//db//plugins/mcufinder/images/
2026-09-14 18:53:05,321 [WARN] DbFile:41 - Overriding database path with different value: /Users/leon/.stmcufinder/plugins/mcufinder/ => /Users/leon/.stmcufinder/plugins/mcufinder
2026-09-14 18:53:05,321 [INFO] ApiDb:250 - Set database path to: /Users/leon/.stmcufinder/plugins/mcufinder//mcu/
2026-09-14 18:53:05,321 [WARN] DbFile:41 - Overriding database path with different value: /Users/leon/.stmcufinder/plugins/mcufinder/ => /Users/leon/.stmcufinder/plugins/mcufinder
2026-09-14 18:53:05,321 [INFO] DbMcusAds:125 - Set database path to: /Users/leon/.stmcufinder/plugins/mcufinder//mcu/
2026-09-14 18:53:05,321 [WARN] DbFile:41 - Overriding database path with different value: /Users/leon/.stmcufinder/plugins/mcufinder/ => /Users/leon/.stmcufinder/plugins/mcufinder
2026-09-14 18:53:05,321 [WARN] DbFile:41 - Overriding database path with different value: /Users/leon/.stmcufinder/plugins/mcufinder/ => /Users/leon/.stmcufinder/plugins/mcufinder
2026-09-14 18:53:05,321 [INFO] CrossReferenceDbSqlite:203 - Set database path to: /Users/leon/.stmcufinder/plugins/mcufinder//mcu/cs/
2026-09-14 18:53:05,338 [INFO] ApplicationProperties:184 - Using Application install path: /Applications/STM32CubeIDE.app/Contents/Eclipse/plugins/com.st.stm32cube.common.mx_6.15.0.202507011659
2026-09-14 18:53:05,339 [INFO] PluginManage:196 - Search for loadable plugins [exclusion list=, ]
2026-09-14 18:53:05,341 [INFO] PluginManage:310 - Check plugin analytics
2026-09-14 18:53:05,584 [INFO] AnalyticsPlugin:253 - Accepted Software Licenses: 
2026-09-14 18:53:05,584 [INFO] AnalyticsPlugin:255 - Accepted CMSIS Pack Licenses: 
2026-09-14 18:53:05,584 [INFO] AnalyticsPlugin:257 - Accepted Firmware Licenses: FW.G4.1.6.0
2026-09-14 18:53:05,589 [INFO] PluginManage:359 - Loaded plugin analytics (category:tool,tabindex:-1)
2026-09-14 18:53:05,590 [INFO] PluginManage:310 - Check plugin cadmodel
2026-09-14 18:53:05,607 [INFO] CADModel:105 - Init CAD model plugin
2026-09-14 18:53:05,607 [INFO] PluginManage:359 - Loaded plugin cadmodel (category:power,tabindex:5)
2026-09-14 18:53:05,608 [INFO] PluginManage:310 - Check plugin clock
2026-09-14 18:53:05,626 [INFO] PluginManage:359 - Loaded plugin clock (category:base,tabindex:2)
2026-09-14 18:53:05,626 [INFO] PluginManage:310 - Check plugin ddr
2026-09-14 18:53:05,628 [INFO] PluginManage:359 - Loaded plugin ddr (category:tool,tabindex:6)
2026-09-14 18:53:05,629 [INFO] PluginManage:310 - Check plugin filemanager
2026-09-14 18:53:05,832 [INFO] PluginManage:359 - Loaded plugin filemanager (category:base,tabindex:10)
2026-09-14 18:53:05,833 [INFO] PluginManage:310 - Check plugin ipmanager
2026-09-14 18:53:05,839 [INFO] PluginManage:359 - Loaded plugin ipmanager (category:base,tabindex:5)
2026-09-14 18:53:05,840 [INFO] PluginManage:310 - Check plugin lpbam
2026-09-14 18:53:05,849 [INFO] PluginManage:359 - Loaded plugin lpbam (category:base,tabindex:0)
2026-09-14 18:53:05,849 [INFO] PluginManage:310 - Check plugin memorymap
2026-09-14 18:53:05,858 [INFO] PluginManage:359 - Loaded plugin memorymap (category:base,tabindex:4)
2026-09-14 18:53:05,858 [INFO] PluginManage:310 - Check plugin pinoutandconfiguration
2026-09-14 18:53:05,865 [INFO] PluginManage:359 - Loaded plugin pinoutandconfiguration (category:base,tabindex:1)
2026-09-14 18:53:05,865 [INFO] PluginManage:310 - Check plugin pinoutconfig
2026-09-14 18:53:05,977 [WARN] SupportedApi:132 - Cannot load RTOS API schema: s4s-elt-must-match.1: The content of 'definitions' must match (annotation?, (simpleType | complexType)?, (unique | key | keyref)*)). A problem was found starting at: attribute.
2026-09-14 18:53:06,166 [INFO] PluginManage:359 - Loaded plugin pinoutconfig (category:base,tabindex:0)
2026-09-14 18:53:06,167 [INFO] PluginManage:310 - Check plugin power
2026-09-14 18:53:06,181 [INFO] PluginManage:359 - Loaded plugin power (category:power,tabindex:4)
2026-09-14 18:53:06,181 [INFO] PluginManage:310 - Check plugin projectmanager
2026-09-14 18:53:06,212 [INFO] PluginManage:359 - Loaded plugin projectmanager (category:projectmanager,tabindex:4)
2026-09-14 18:53:06,212 [INFO] PluginManage:310 - Check plugin rif
2026-09-14 18:53:06,220 [INFO] PluginManage:359 - Loaded plugin rif (category:base,tabindex:3)
2026-09-14 18:53:06,220 [INFO] PluginManage:310 - Check plugin thirdparty
2026-09-14 18:53:06,388 [INFO] PluginManage:359 - Loaded plugin thirdparty (category:base,tabindex:-1)
2026-09-14 18:53:06,388 [WARN] IntegrityCheckThread:84 - waiting for thirdparty lock release [integrity check]
2026-09-14 18:53:06,389 [INFO] PluginManage:310 - Check plugin tools
2026-09-14 18:53:06,389 [INFO] IntegrityCheckThread:86 - entering critical section [integrity check]
2026-09-14 18:53:06,390 [INFO] ThirdPartyUpdaterWithRetryManager:70 - Updater plugin not ready yet. [1/15]
2026-09-14 18:53:06,392 [INFO] PluginManage:359 - Loaded plugin tools (category:base,tabindex:7)
2026-09-14 18:53:06,392 [INFO] PluginManage:310 - Check plugin tutovideos
2026-09-14 18:53:06,577 [INFO] PluginManage:359 - Loaded plugin tutovideos (category:base,tabindex:-1)
2026-09-14 18:53:06,577 [INFO] PluginManage:310 - Check plugin updater
2026-09-14 18:53:06,608 [INFO] PluginManage:359 - Loaded plugin updater (category:base,tabindex:12)
2026-09-14 18:53:06,608 [INFO] PluginManage:310 - Check plugin userauth
2026-09-14 18:53:06,617 [INFO] UserAuth:118 - Init User Auth plugin
2026-09-14 18:53:06,617 [INFO] PluginManage:359 - Loaded plugin userauth (category:base,tabindex:14)
2026-09-14 18:53:06,618 [INFO] PluginManage:283 - PluginManage : Loaded plugins [18]
2026-09-14 18:53:06,866 [INFO] PinOutPanel:1589 - setPackage(No Configuration,No Configuration)
2026-09-14 18:53:06,954 [INFO] CADModel:165 - CPN selected for project level
2026-09-14 18:53:06,954 [INFO] CADModel:114 - Register for checkConnection events
2026-09-14 18:53:06,965 [INFO] IPUIPlugin:80 - create IPUIPlugin
2026-09-14 18:53:06,966 [INFO] PluginManager:220 - loadIPPluginJar : add mdma
2026-09-14 18:53:06,971 [INFO] IPUIPlugin:80 - create IPUIPlugin
2026-09-14 18:53:06,971 [INFO] PluginManager:220 - loadIPPluginJar : add freertos
2026-09-14 18:53:06,974 [INFO] IPUIPlugin:80 - create IPUIPlugin
2026-09-14 18:53:06,974 [INFO] PluginManager:220 - loadIPPluginJar : add gic
2026-09-14 18:53:06,981 [INFO] IPUIPlugin:80 - create IPUIPlugin
2026-09-14 18:53:06,981 [INFO] PluginManager:220 - loadIPPluginJar : add adc
2026-09-14 18:53:06,983 [INFO] IPUIPlugin:80 - create IPUIPlugin
2026-09-14 18:53:06,983 [INFO] PluginManager:220 - loadIPPluginJar : add gtzc
2026-09-14 18:53:06,984 [INFO] IPUIPlugin:80 - create IPUIPlugin
2026-09-14 18:53:06,984 [INFO] PluginManager:220 - loadIPPluginJar : add quadspi
2026-09-14 18:53:06,985 [INFO] IPUIPlugin:80 - create IPUIPlugin
2026-09-14 18:53:06,985 [INFO] PluginManager:220 - loadIPPluginJar : add aes
2026-09-14 18:53:06,988 [INFO] IPUIPlugin:80 - create IPUIPlugin
2026-09-14 18:53:06,988 [INFO] PluginManager:220 - loadIPPluginJar : add pdm2pcm
2026-09-14 18:53:06,989 [INFO] IPUIPlugin:80 - create IPUIPlugin
2026-09-14 18:53:06,989 [INFO] PluginManager:220 - loadIPPluginJar : add hash
2026-09-14 18:53:06,990 [INFO] IPUIPlugin:80 - create IPUIPlugin
2026-09-14 18:53:06,990 [INFO] PluginManager:220 - loadIPPluginJar : add tim
2026-09-14 18:53:06,991 [INFO] IPUIPlugin:80 - create IPUIPlugin
2026-09-14 18:53:06,991 [INFO] PluginManager:220 - loadIPPluginJar : add tsc
2026-09-14 18:53:06,993 [INFO] IPUIPlugin:80 - create IPUIPlugin
2026-09-14 18:53:06,993 [INFO] PluginManager:220 - loadIPPluginJar : add extmemmanager
2026-09-14 18:53:06,995 [INFO] IPUIPlugin:80 - create IPUIPlugin
2026-09-14 18:53:06,996 [INFO] PluginManager:220 - loadIPPluginJar : add ts
2026-09-14 18:53:06,996 [INFO] IPUIPlugin:80 - create IPUIPlugin
2026-09-14 18:53:06,997 [INFO] PluginManager:220 - loadIPPluginJar : add radio
2026-09-14 18:53:06,998 [INFO] IPUIPlugin:80 - create IPUIPlugin
2026-09-14 18:53:06,998 [INFO] PluginManager:220 - loadIPPluginJar : add can
2026-09-14 18:53:06,999 [INFO] IPUIPlugin:80 - create IPUIPlugin
2026-09-14 18:53:06,999 [INFO] PluginManager:220 - loadIPPluginJar : add dma3
2026-09-14 18:53:07,000 [INFO] IPUIPlugin:80 - create IPUIPlugin
2026-09-14 18:53:07,000 [INFO] PluginManager:220 - loadIPPluginJar : add dfsdm
2026-09-14 18:53:07,001 [INFO] IPUIPlugin:80 - create IPUIPlugin
2026-09-14 18:53:07,001 [INFO] PluginManager:220 - loadIPPluginJar : add spi
2026-09-14 18:53:07,005 [INFO] IPUIPlugin:80 - create IPUIPlugin
2026-09-14 18:53:07,006 [INFO] PluginManager:220 - loadIPPluginJar : add gfxmmu
2026-09-14 18:53:07,007 [INFO] IPUIPlugin:80 - create IPUIPlugin
2026-09-14 18:53:07,007 [INFO] PluginManager:220 - loadIPPluginJar : add genericplugin
2026-09-14 18:53:07,008 [INFO] IPUIPlugin:80 - create IPUIPlugin
2026-09-14 18:53:07,008 [INFO] PluginManager:220 - loadIPPluginJar : add cryp
2026-09-14 18:53:07,013 [INFO] IPUIPlugin:80 - create IPUIPlugin
2026-09-14 18:53:07,013 [INFO] PluginManager:220 - loadIPPluginJar : add gpio
2026-09-14 18:53:07,016 [INFO] IPUIPlugin:80 - create IPUIPlugin
2026-09-14 18:53:07,017 [INFO] PluginManager:220 - loadIPPluginJar : add ddr_ctrl_phy
2026-09-14 18:53:07,017 [INFO] IPUIPlugin:80 - create IPUIPlugin
2026-09-14 18:53:07,018 [INFO] PluginManager:220 - loadIPPluginJar : add comp
2026-09-14 18:53:07,020 [INFO] IPUIPlugin:80 - create IPUIPlugin
2026-09-14 18:53:07,020 [INFO] PluginManager:220 - loadIPPluginJar : add tracer_emb
2026-09-14 18:53:07,022 [INFO] IPUIPlugin:80 - create IPUIPlugin
2026-09-14 18:53:07,022 [INFO] PluginManager:220 - loadIPPluginJar : add openamp
2026-09-14 18:53:07,025 [INFO] IPUIPlugin:80 - create IPUIPlugin
2026-09-14 18:53:07,025 [INFO] PluginManager:220 - loadIPPluginJar : add stm32_wpan
2026-09-14 18:53:07,029 [INFO] IPUIPlugin:80 - create IPUIPlugin
2026-09-14 18:53:07,034 [INFO] PluginManager:220 - loadIPPluginJar : add plateformsettings
2026-09-14 18:53:07,036 [INFO] IPUIPlugin:80 - create IPUIPlugin
2026-09-14 18:53:07,036 [INFO] PluginManager:220 - loadIPPluginJar : add ipddr
2026-09-14 18:53:07,038 [INFO] IPUIPlugin:80 - create IPUIPlugin
2026-09-14 18:53:07,038 [INFO] PluginManager:220 - loadIPPluginJar : add usart
2026-09-14 18:53:07,038 [INFO] IPUIPlugin:80 - create IPUIPlugin
2026-09-14 18:53:07,038 [INFO] PluginManager:220 - loadIPPluginJar : add ltdc
2026-09-14 18:53:07,040 [INFO] IPUIPlugin:80 - create IPUIPlugin
2026-09-14 18:53:07,040 [INFO] PluginManager:220 - loadIPPluginJar : add nvic
2026-09-14 18:53:07,041 [INFO] IPUIPlugin:80 - create IPUIPlugin
2026-09-14 18:53:07,041 [INFO] PluginManager:220 - loadIPPluginJar : add fatfs
2026-09-14 18:53:07,046 [INFO] IPUIPlugin:80 - create IPUIPlugin
2026-09-14 18:53:07,046 [INFO] PluginManager:220 - loadIPPluginJar : add linkedlist
2026-09-14 18:53:07,050 [INFO] IPUIPlugin:80 - create IPUIPlugin
2026-09-14 18:53:07,050 [INFO] PluginManager:220 - loadIPPluginJar : add dma
2026-09-14 18:53:07,052 [INFO] IPUIPlugin:80 - create IPUIPlugin
2026-09-14 18:53:07,052 [INFO] PluginManager:220 - loadIPPluginJar : add fmc
2026-09-14 18:53:07,053 [INFO] IPUIPlugin:80 - create IPUIPlugin
2026-09-14 18:53:07,053 [INFO] PluginManager:220 - loadIPPluginJar : add i2s
2026-09-14 18:53:07,054 [INFO] IPUIPlugin:80 - create IPUIPlugin
2026-09-14 18:53:07,054 [INFO] PluginManager:220 - loadIPPluginJar : add ucpd
2026-09-14 18:53:07,056 [INFO] IPUIPlugin:80 - create IPUIPlugin
2026-09-14 18:53:07,056 [INFO] PluginManager:220 - loadIPPluginJar : add lorawan
2026-09-14 18:53:07,057 [INFO] IPUIPlugin:80 - create IPUIPlugin
2026-09-14 18:53:07,058 [INFO] PluginManager:220 - loadIPPluginJar : add opamp
2026-09-14 18:53:07,059 [INFO] IPUIPlugin:80 - create IPUIPlugin
2026-09-14 18:53:07,059 [INFO] PluginManager:220 - loadIPPluginJar : add i3c
2026-09-14 18:53:07,061 [INFO] IPUIPlugin:80 - create IPUIPlugin
2026-09-14 18:53:07,062 [INFO] PluginManager:220 - loadIPPluginJar : add touchsensing
2026-09-14 18:53:07,063 [INFO] IPUIPlugin:80 - create IPUIPlugin
2026-09-14 18:53:07,064 [INFO] PluginManager:220 - loadIPPluginJar : add i2c
2026-09-14 18:53:07,066 [INFO] IPUIPlugin:80 - create IPUIPlugin
2026-09-14 18:53:07,066 [INFO] PluginManager:220 - loadIPPluginJar : add resmgrutility
2026-09-14 18:53:07,067 [INFO] IPUIPlugin:80 - create IPUIPlugin
2026-09-14 18:53:07,067 [INFO] PluginManager:220 - loadIPPluginJar : add sai
2026-09-14 18:53:07,069 [INFO] IPUIPlugin:80 - create IPUIPlugin
2026-09-14 18:53:07,069 [INFO] PluginManager:220 - loadIPPluginJar : add usbx
2026-09-14 18:53:07,179 [FATAL] Updater:351 - Updater called before beeing initialized
2026-09-14 18:53:07,246 [INFO] RulesReader:64 - Compatibility file has been processed (317 Rules)
2026-09-14 18:53:07,266 [INFO] RulesReader:64 - Compatibility file has been processed (317 Rules)
2026-09-14 18:53:07,295 [INFO] CADModel:165 - CPN selected for project level
2026-09-14 18:53:07,295 [INFO] CADModel:114 - Register for checkConnection events
2026-09-14 18:53:07,295 [FATAL] Updater:351 - Updater called before beeing initialized
2026-09-14 18:53:07,295 [ERROR] CADModel:125 - Updater not yet initialized, retry later 
2026-09-14 18:53:07,674 [FATAL] Updater:351 - Updater called before beeing initialized
2026-09-14 18:53:07,677 [INFO] CADModel:165 - CPN selected for project level
2026-09-14 18:53:07,677 [INFO] CADModel:114 - Register for checkConnection events
2026-09-14 18:53:07,677 [FATAL] Updater:351 - Updater called before beeing initialized
2026-09-14 18:53:07,677 [ERROR] CADModel:125 - Updater not yet initialized, retry later 
2026-09-14 18:53:07,683 [FATAL] Updater:351 - Updater called before beeing initialized
2026-09-14 18:53:07,880 [FATAL] Updater:351 - Updater called before beeing initialized
2026-09-14 18:53:07,884 [INFO] DbMcusAds:53 - JSON generation date=Wed Feb 18 22:32:49 CST 2026 (1771425169371)
2026-09-14 18:53:07,885 [FATAL] Updater:351 - Updater called before beeing initialized
2026-09-14 18:53:07,952 [WARN] DetailPanel:346 - Failed to get advertising image, set to default
2026-09-14 18:53:08,035 [FATAL] Updater:351 - Updater called before beeing initialized
2026-09-14 18:53:08,037 [FATAL] Updater:351 - Updater called before beeing initialized
2026-09-14 18:53:08,038 [FATAL] Updater:351 - Updater called before beeing initialized
2026-09-14 18:53:08,038 [WARN] DetailPanel:346 - Failed to get advertising image, set to default
2026-09-14 18:53:08,041 [FATAL] Updater:351 - Updater called before beeing initialized
2026-09-14 18:53:08,102 [ERROR] Updater:1198 - MainUpdater not yet initialized. External WinMGr cannot be set.
2026-09-14 18:53:08,105 [INFO] Updater:1134 - Updater Version found : 6.15.0
2026-09-14 18:53:08,122 [INFO] ApplicationProperties:184 - Using Application install path: /Applications/STM32CubeIDE.app/Contents/Eclipse/plugins/com.st.stm32cube.common.mx_6.15.0.202507011659
2026-09-14 18:53:08,550 [INFO] MainUpdater:2872 - connection check result : 10
2026-09-14 18:53:08,551 [INFO] MainUpdater:289 - Updater Check For Update Now.
2026-09-14 18:53:08,551 [INFO] MicroXplorer:498 - Change Database Version : DB.6.0.150
2026-09-14 18:53:08,560 [INFO] McuFinderGlobals:63 - Set McuFinder mode to 2 (CubeIDE integrated)
2026-09-14 18:53:08,562 [INFO] UserAuth:487 - Internet connection configuration mode: 1
2026-09-14 18:53:08,583 [INFO] JxBrowserEngine:152 - Initiate JxBrowser Engine with user profile folder
2026-09-14 18:53:09,304 [INFO] CheckServerUpdateThread:120 - End of CheckServer Thread
2026-09-14 18:53:09,746 [WARN] PackLoader:240 - Cannot read IP mode file for STMicroelectronics.X-CUBE-AZRTOS-H7.3.5.0
2026-09-14 18:53:09,932 [WARN] PackLoader:240 - Cannot read IP mode file for STMicroelectronics.FP-SNS-MOTENVWB1.1.4.0
2026-09-14 18:53:09,955 [WARN] PackLoader:240 - Cannot read IP mode file for STMicroelectronics.FP-ATR-ASTRA1.2.0.3
2026-09-14 18:53:09,968 [WARN] PackLoader:240 - Cannot read IP mode file for STMicroelectronics.FP-ATR-ASTRA1.2.0.2
2026-09-14 18:53:09,976 [ERROR] Engine:466 - /Users/leon/.stm32cubemx/thirdparties/pdsc/STMicroelectronics.X-CUBE-SMBUS.2.1.1.pdsc: PDSC version is not supported
2026-09-14 18:53:10,200 [WARN] PackLoader:240 - Cannot read IP mode file for STMicroelectronics.X-CUBE-SMBUS.2.1.0
2026-09-14 18:53:10,754 [WARN] PackLoader:240 - Cannot read IP mode file for STMicroelectronics.X-CUBE-AZRTOS-F7.1.1.0
2026-09-14 18:53:10,962 [WARN] PackLoader:240 - Cannot read IP mode file for STMicroelectronics.X-CUBE-FREERTOS.1.6.0
2026-09-14 18:53:11,124 [WARN] PackLoader:240 - Cannot read IP mode file for STMicroelectronics.FP-SNS-MOTENV1.5.1.0
2026-09-14 18:53:11,179 [WARN] PackLoader:240 - Cannot read IP mode file for STMicroelectronics.X-CUBE-AZRTOS-H7RS.1.3.0
2026-09-14 18:53:11,273 [WARN] PackLoader:240 - Cannot read IP mode file for WES.I-CUBE-Cesium.1.4.0
2026-09-14 18:53:11,416 [WARN] PackLoader:240 - Cannot read IP mode file for STMicroelectronics.X-CUBE-AZRTOS-H7.3.4.0
2026-09-14 18:53:11,502 [WARN] PackLoader:240 - Cannot read IP mode file for STMicroelectronics.X-CUBE-DISPLAY.3.0.0
2026-09-14 18:53:11,562 [WARN] PackLoader:240 - Cannot read IP mode file for STMicroelectronics.X-CUBE-GNSS1.7.1.1
2026-09-14 18:53:11,578 [WARN] PackLoader:240 - Cannot read IP mode file for STMicroelectronics.FP-SNS-MOTENVWB1.1.5.0
2026-09-14 18:53:11,671 [WARN] PackLoader:240 - Cannot read IP mode file for STMicroelectronics.X-CUBE-NFC10.1.0.0
2026-09-14 18:53:11,690 [WARN] PackLoader:240 - Cannot read IP mode file for STMicroelectronics.X-CUBE-ST60.1.1.0
2026-09-14 18:53:11,714 [WARN] PackLoader:240 - Cannot read IP mode file for emotas.I-CUBE-CANOPEN.1.3.0
2026-09-14 18:53:11,719 [ERROR] Engine:466 - /Users/leon/.stm32cubemx/thirdparties/pdsc/STMicroelectronics.X-CUBE-WBA.1.1.0.pdsc: PDSC version is not supported
2026-09-14 18:53:11,732 [WARN] PackLoader:240 - Cannot read IP mode file for STMicroelectronics.X-CUBE-GNSS1.7.1.0
2026-09-14 18:53:11,744 [WARN] PackLoader:240 - Cannot read IP mode file for STMicroelectronics.FP-SNS-STBOX1.2.1.0
2026-09-14 18:53:11,755 [WARN] PackLoader:240 - Cannot read IP mode file for STMicroelectronics.FP-SNS-SMARTAG2.1.2.0
2026-09-14 18:53:11,770 [WARN] PackLoader:240 - Cannot read IP mode file for STMicroelectronics.FP-SNS-FLIGHT1.5.1.0
2026-09-14 18:53:11,786 [INFO] LogOutputStream:77 - [STDOUT_REDIRECT] 1 : Invalid condition id : UX_CORESTACK_Condition cause : null
2026-09-14 18:53:11,790 [INFO] LogOutputStream:77 - [STDOUT_REDIRECT] 1 : Invalid condition id : UX_CORESTACK_Condition cause : null
2026-09-14 18:53:11,790 [INFO] LogOutputStream:77 - [STDOUT_REDIRECT] 1 : Invalid condition id : UX_CORESTACK_Condition cause : null
2026-09-14 18:53:11,791 [INFO] LogOutputStream:77 - [STDOUT_REDIRECT] 1 : Invalid condition id : UX_CORESTACK_Condition cause : null
2026-09-14 18:53:11,793 [INFO] LogOutputStream:77 - [STDOUT_REDIRECT] 1 : Invalid condition id : UX_CORESTACK_Condition cause : null
2026-09-14 18:53:11,805 [WARN] PackLoader:240 - Cannot read IP mode file for STMicroelectronics.X-CUBE-AZRTOS-WL.2.0.0
2026-09-14 18:53:11,955 [WARN] PackLoader:240 - Cannot read IP mode file for STMicroelectronics.X-CUBE-AZRTOS-H7RS.1.2.0
2026-09-14 18:53:11,997 [WARN] PackLoader:240 - Cannot read IP mode file for STMicroelectronics.X-CUBE-BLE2.3.3.0
2026-09-14 18:53:12,138 [WARN] PackLoader:240 - Cannot read IP mode file for Infineon.AIROC-Wi-Fi-Bluetooth-STM32.1.8.0
2026-09-14 18:53:12,167 [WARN] PackLoader:240 - Cannot read IP mode file for STMicroelectronics.X-CUBE-NFC9.1.0.0
2026-09-14 18:53:12,188 [WARN] PackLoader:240 - Cannot read IP mode file for STMicroelectronics.X-CUBE-BLE1.7.1.0
2026-09-14 18:53:12,200 [WARN] PackLoader:240 - Cannot read IP mode file for wolfSSL.I-CUBE-wolfMQTT.1.19.2
2026-09-14 18:53:12,221 [WARN] PackLoader:240 - Cannot read IP mode file for STMicroelectronics.X-CUBE-FREERTOS.1.4.0
2026-09-14 18:53:12,244 [WARN] PackLoader:240 - Cannot read IP mode file for STMicroelectronics.X-CUBE-EEPRMA1.5.2.0
2026-09-14 18:53:12,269 [WARN] PackLoader:240 - Cannot read IP mode file for wolfSSL.I-CUBE-wolfSSL.5.8.4
2026-09-14 18:53:12,279 [WARN] PackLoader:240 - Cannot read IP mode file for Cesanta.I-CUBE-Mongoose.7.20.0
2026-09-14 18:53:12,291 [WARN] PackLoader:240 - Cannot read IP mode file for STMicroelectronics.FP-SNS-STAIOTCFT.1.1.0
2026-09-14 18:53:12,399 [WARN] PackLoader:240 - Cannot read IP mode file for STMicroelectronics.X-CUBE-MEMS1.12.0.0
2026-09-14 18:53:12,535 [WARN] PackLoader:240 - Cannot read IP mode file for STMicroelectronics.X-CUBE-AZRTOS-G0.1.1.0
2026-09-14 18:53:12,547 [WARN] PackLoader:240 - Cannot read IP mode file for STMicroelectronics.X-CUBE-NFC4.3.0.0
2026-09-14 18:53:12,562 [WARN] PackLoader:240 - Cannot read IP mode file for EmbeddedOffice.I-CUBE-FS-RTOS.1.0.1
2026-09-14 18:53:12,570 [WARN] PackLoader:240 - Cannot read IP mode file for STMicroelectronics.X-CUBE-WB05N.2.0.0
2026-09-14 18:53:12,576 [WARN] PackLoader:240 - Cannot read IP mode file for wolfSSL.I-CUBE-wolfTPM.3.8.0
2026-09-14 18:53:12,583 [WARN] PackLoader:240 - Cannot read IP mode file for STMicroelectronics.X-CUBE-TCPP.4.2.0
2026-09-14 18:53:12,589 [WARN] PackLoader:240 - Cannot read IP mode file for RealThread.X-CUBE-RT-Thread_Nano.4.1.1
2026-09-14 18:53:12,593 [WARN] PackLoader:240 - Cannot read IP mode file for STMicroelectronics.FP-ATR-SIGFOX1.3.2.0
2026-09-14 18:53:12,598 [WARN] PackLoader:240 - Cannot read IP mode file for STMicroelectronics.X-CUBE-FREERTOS.1.5.0
2026-09-14 18:53:12,603 [WARN] PackLoader:240 - Cannot read IP mode file for ITTIA_DB.I-CUBE-ITTIADB.8.9.0
2026-09-14 18:53:12,611 [WARN] PackLoader:240 - Cannot read IP mode file for STMicroelectronics.X-CUBE-NFC6.3.2.0
2026-09-14 18:53:12,618 [WARN] PackLoader:240 - Cannot read IP mode file for STMicroelectronics.X-CUBE-AI.10.2.1
2026-09-14 18:53:12,621 [WARN] PackLoader:240 - Cannot read IP mode file for STMicroelectronics.X-CUBE-AI.10.2.0
2026-09-14 18:53:12,692 [WARN] PackLoader:240 - Cannot read IP mode file for STMicroelectronics.X-CUBE-MEMS1.12.1.0
2026-09-14 18:53:13,207 [WARN] PackLoader:240 - Cannot read IP mode file for SEGGER.I-CUBE-embOS.1.3.1
2026-09-14 18:53:13,286 [WARN] PackLoader:240 - Cannot read IP mode file for STMicroelectronics.X-CUBE-ALGOBUILD.1.4.0
2026-09-14 18:53:13,297 [ERROR] Engine:466 - /Users/leon/.stm32cubemx/thirdparties/pdsc/STMicroelectronics.FP-SNS-STAIOTCFT.2.0.0.pdsc: PDSC version is not supported
2026-09-14 18:53:13,309 [WARN] PackLoader:240 - Cannot read IP mode file for STMicroelectronics.X-CUBE-NFC13.1.0.0
2026-09-14 18:53:13,315 [WARN] PackLoader:240 - Cannot read IP mode file for STMicroelectronics.X-CUBE-PM33A1.1.0.0
2026-09-14 18:53:13,339 [WARN] PackLoader:240 - Cannot read IP mode file for STMicroelectronics.X-CUBE-AZRTOS-F4.1.1.0
2026-09-14 18:53:13,347 [WARN] PackLoader:240 - Cannot read IP mode file for STMicroelectronics.X-CUBE-ISPU.2.1.0
2026-09-14 18:53:13,363 [WARN] PackLoader:240 - Cannot read IP mode file for STMicroelectronics.X-CUBE-IPS.3.2.0
2026-09-14 18:53:13,369 [WARN] PackLoader:240 - Cannot read IP mode file for STMicroelectronics.eDS-WB_DPC_TT-BIDIR.2.1.1
2026-09-14 18:53:13,376 [WARN] PackLoader:240 - Cannot read IP mode file for STMicroelectronics.X-CUBE-NFC12.1.0.0
2026-09-14 18:53:13,399 [WARN] PackLoader:240 - Cannot read IP mode file for STMicroelectronics.X-CUBE-AZRTOS-L5.2.0.0
2026-09-14 18:53:13,413 [WARN] PackLoader:240 - Cannot read IP mode file for STMicroelectronics.X-CUBE-ALGOBUILD.1.5.0
2026-09-14 18:53:13,420 [WARN] PackLoader:240 - Cannot read IP mode file for STMicroelectronics.eDS-WB_DPC_VIENNA.1.2.0
2026-09-14 18:53:13,480 [WARN] PackLoader:240 - Cannot read IP mode file for STMicroelectronics.X-CUBE-MEMS1.13.0.0
2026-09-14 18:53:13,552 [WARN] PackLoader:240 - Cannot read IP mode file for STMicroelectronics.eDS-WB_DPC_3PH2L-BIDIR.1.1.1
2026-09-14 18:53:13,555 [ERROR] Engine:466 - /Users/leon/.stm32cubemx/thirdparties/pdsc/STMicroelectronics.X-CUBE-ST67W61.1.3.0.pdsc: PDSC version is not supported
2026-09-14 18:53:13,560 [WARN] PackLoader:240 - Cannot read IP mode file for STMicroelectronics.X-CUBE-TOUCHGFX.4.26.0
2026-09-14 18:53:13,562 [WARN] PackLoader:240 - Cannot read IP mode file for STMicroelectronics.X-CUBE-TOUCHGFX.4.26.1
2026-09-14 18:53:13,566 [WARN] PackLoader:240 - Cannot read IP mode file for STMicroelectronics.FP-SNS-STAIOTCFT.1.0.0
2026-09-14 18:53:13,573 [WARN] PackLoader:240 - Cannot read IP mode file for STMicroelectronics.X-CUBE-DPower.1.3.0
2026-09-14 18:53:13,604 [WARN] ConditionMgr:438 - getConditionDescription Invalid condition id : LAN8742 Phy interface Condition cause : null
2026-09-14 18:53:13,606 [WARN] PackLoader:240 - Cannot read IP mode file for STMicroelectronics.X-CUBE-AZRTOS-L4.2.0.0
2026-09-14 18:53:13,609 [WARN] ConditionMgr:1044 - genDependencies : Invalid condition id : LAN8742 Phy interface Condition cause : null
2026-09-14 18:53:13,610 [WARN] ConditionMgr:1044 - genDependencies : Invalid condition id : LAN8742 Phy interface Condition cause : null
2026-09-14 18:53:13,611 [WARN] ConditionMgr:1044 - genDependencies : Invalid condition id : LAN8742 Phy interface Condition cause : null
2026-09-14 18:53:13,621 [WARN] PackLoader:240 - Cannot read IP mode file for STMicroelectronics.X-CUBE-SFXS2LP1.4.0.0
2026-09-14 18:53:13,633 [WARN] PackLoader:240 - Cannot read IP mode file for STMicroelectronics.X-CUBE-WB05N.2.1.0
2026-09-14 18:53:13,643 [WARN] PackLoader:240 - Cannot read IP mode file for STMicroelectronics.X-CUBE-ST67W61.1.2.0
2026-09-14 18:53:13,665 [WARN] PackLoader:240 - Cannot read IP mode file for STMicroelectronics.X-CUBE-BLEMGR.4.1.0
2026-09-14 18:53:13,697 [WARN] ConditionMgr:438 - getConditionDescription Invalid condition id : UX DEVICE CLASS RTOS Condition cause : null
2026-09-14 18:53:13,697 [WARN] ConditionMgr:438 - getConditionDescription Invalid condition id : UX DEVICE CLASS RTOS Condition cause : null
2026-09-14 18:53:13,702 [WARN] PackLoader:240 - Cannot read IP mode file for STMicroelectronics.X-CUBE-AZRTOS-WB.2.0.0
2026-09-14 18:53:13,704 [WARN] ConditionMgr:1044 - genDependencies : Invalid condition id : UX DEVICE CLASS RTOS Condition cause : null
2026-09-14 18:53:13,704 [WARN] ConditionMgr:1044 - genDependencies : Invalid condition id : UX DEVICE CLASS RTOS Condition cause : null
2026-09-14 18:53:13,705 [WARN] ConditionMgr:1044 - genDependencies : Invalid condition id : UX DEVICE CLASS RTOS Condition cause : null
2026-09-14 18:53:13,705 [WARN] ConditionMgr:1044 - genDependencies : Invalid condition id : UX DEVICE CLASS RTOS Condition cause : null
2026-09-14 18:53:13,706 [WARN] ConditionMgr:1044 - genDependencies : Invalid condition id : UX DEVICE CLASS RTOS Condition cause : null
2026-09-14 18:53:13,710 [WARN] ConditionMgr:438 - getConditionDescription Invalid condition id : Cortex-A Device cause : null
2026-09-14 18:53:13,756 [WARN] ConditionMgr:1044 - genDependencies : Invalid condition id : Cortex-A Device cause : null
2026-09-14 18:53:13,756 [WARN] ConditionMgr:1044 - genDependencies : Invalid condition id : Cortex-A Device cause : null
2026-09-14 18:53:13,757 [WARN] ConditionMgr:1044 - genDependencies : Invalid condition id : Cortex-A Device cause : null
2026-09-14 18:53:13,766 [WARN] PackLoader:240 - Cannot read IP mode file for STMicroelectronics.X-CUBE-STSE01.2.0.0
2026-09-14 18:53:13,829 [WARN] PackLoader:240 - Cannot read IP mode file for STMicroelectronics.X-CUBE-SUBG2.5.0.0
2026-09-14 18:53:13,854 [WARN] PackLoader:240 - Cannot read IP mode file for STMicroelectronics.X-CUBE-AZRTOS-G4.2.0.0
2026-09-14 18:53:14,686 [WARN] PackLoader:240 - Cannot read IP mode file for wolfSSL.I-CUBE-wolfSSH.1.4.20
2026-09-14 18:53:14,838 [WARN] PackLoader:240 - Cannot read IP mode file for STMicroelectronics.X-CUBE-NFC7.2.0.0
2026-09-14 18:53:14,879 [ERROR] Engine:466 - /Users/leon/.stm32cubemx/thirdparties/pdsc/STMicroelectronics.X-CUBE-BLEMGR.4.2.0.pdsc: PDSC version is not supported
2026-09-14 18:53:14,890 [WARN] PackLoader:240 - Cannot read IP mode file for STMicroelectronics.X-CUBE-ALS.1.0.2
2026-09-14 18:53:14,912 [WARN] PackLoader:240 - Cannot read IP mode file for STMicroelectronics.X-CUBE-TOF1.3.4.3
2026-09-14 18:53:14,921 [INFO] WebApp:169 - Instantiating new browser for Auth
2026-09-14 18:53:14,938 [INFO] ThirdParty:978 - Integrity check success = true
2026-09-14 18:53:14,940 [INFO] IntegrityCheckThread:100 - exiting critical section [integrity check]
2026-09-14 18:53:14,947 [INFO] IntegrityCheckThread:103 - End integrity checks thread
2026-09-14 18:53:17,124 [INFO] WebApp:463 - Apply proxy settings
2026-09-14 18:53:17,139 [INFO] WebApp:508 - Chromium authenticates against Manually configured proxy
2026-09-14 18:53:17,152 [INFO] WebApp:516 - Username used for proxy authentication: 
2026-09-14 18:53:17,207 [INFO] WebApp:900 - Register for checkConnection events
2026-09-14 18:53:17,208 [INFO] WebApp:463 - Apply proxy settings
2026-09-14 18:53:17,213 [INFO] WebApp:508 - Chromium authenticates against Manually configured proxy
2026-09-14 18:53:17,213 [INFO] WebApp:516 - Username used for proxy authentication: 
2026-09-14 18:53:17,404 [INFO] WebApp:225 - Starting web application
2026-09-14 18:53:17,404 [INFO] WebApp:593 - Web application path used /Applications/STM32CubeIDE.app/Contents/Eclipse/plugins/com.st.stm32cube.common.mx_6.15.0.202507011659/db/plugins/mcufinder/reactClient1/index.html
2026-09-14 18:53:17,967 [INFO] WebApp:191 - Connection restablished
2026-09-14 18:53:18,367 [INFO] UserAuth:487 - Internet connection configuration mode: 1
2026-09-14 22:06:16,415 [INFO] WebApp:194 - Connection lost
2026-09-14 22:06:53,914 [INFO] WebApp:191 - Connection restablished
2026-09-14 22:07:42,425 [INFO] WebApp:194 - Connection lost
2026-09-14 22:07:47,437 [INFO] WebApp:191 - Connection restablished
2026-09-14 22:08:15,412 [INFO] WebApp:194 - Connection lost
2026-09-14 22:32:06,790 [INFO] WebApp:191 - Connection restablished
2026-09-14 22:35:44,907 [INFO] WebApp:194 - Connection lost
2026-09-14 23:03:29,816 [INFO] WebApp:191 - Connection restablished
