2026-09-15 12:26:00,377 [INFO] WebApp:194 - Connection lost
2026-09-15 12:37:55,661 [INFO] WebApp:191 - Connection restablished
2026-09-15 12:40:54,136 [INFO] WebApp:194 - Connection lost
2026-09-15 12:59:37,911 [INFO] WebApp:191 - Connection restablished
2026-09-15 16:49:23,237 [INFO] Activator:176 - 


2026-09-15 16:49:23,238 [INFO] Activator:177 - !SESSION log4j initialized
2026-09-15 16:49:27,756 [INFO] LogOutputStream:77 - [STDOUT_REDIRECT] 
2026-09-15 16:49:29,420 [ERROR] LogOutputStream:75 - [STDERR_REDIRECT] 
2026-09-15 16:49:32,010 [INFO] LogOutputStream:77 - [STDOUT_REDIRECT] 
2026-09-15 16:49:33,214 [INFO] ApplicationProperties:184 - Using Application install path: /Applications/STM32CubeIDE.app/Contents/Eclipse/plugins/com.st.stm32cube.common.mx_6.15.0.202507011659
2026-09-15 16:49:33,227 [INFO] DbMcusXml:78 - Set database path to: /Applications/STM32CubeIDE.app/Contents/Eclipse/plugins/com.st.stm32cube.common.mx_6.15.0.202507011659//db//mcu/
2026-09-15 16:49:33,227 [INFO] ApiDb:274 - Set plugin database path to: /Applications/STM32CubeIDE.app/Contents/Eclipse/plugins/com.st.stm32cube.common.mx_6.15.0.202507011659//db//plugins/boardmanager/
2026-09-15 16:49:33,228 [WARN] ApiDb:259 - Overriding images path with different value:  => /Applications/STM32CubeIDE.app/Contents/Eclipse/plugins/com.st.stm32cube.common.mx_6.15.0.202507011659//db//plugins/mcufinder/images/
2026-09-15 16:49:33,234 [INFO] ApiDb:250 - Set database path to: /Users/leon/.stmcufinder/plugins/mcufinder//mcu/
2026-09-15 16:49:33,235 [INFO] DbMcusAds:125 - Set database path to: /Users/leon/.stmcufinder/plugins/mcufinder//mcu/
2026-09-15 16:49:33,236 [INFO] CrossReferenceDbSqlite:203 - Set database path to: /Users/leon/.stmcufinder/plugins/mcufinder//mcu/cs/
2026-09-15 16:49:33,374 [INFO] RulesReader:64 - Compatibility file has been processed (317 Rules)
2026-09-15 16:49:33,425 [INFO] DbMcusXml:78 - Set database path to: /Applications/STM32CubeIDE.app/Contents/Eclipse/plugins/com.st.stm32cube.common.mx_6.15.0.202507011659//db//mcu/
2026-09-15 16:49:33,426 [INFO] ApiDb:274 - Set plugin database path to: /Applications/STM32CubeIDE.app/Contents/Eclipse/plugins/com.st.stm32cube.common.mx_6.15.0.202507011659//db//plugins/boardmanager/
2026-09-15 16:49:33,426 [INFO] ApiDb:261 - Set plugin images path to: /Applications/STM32CubeIDE.app/Contents/Eclipse/plugins/com.st.stm32cube.common.mx_6.15.0.202507011659//db//plugins/mcufinder/images/
2026-09-15 16:49:33,426 [WARN] DbFile:41 - Overriding database path with different value: /Users/leon/.stmcufinder/plugins/mcufinder/ => /Users/leon/.stmcufinder/plugins/mcufinder
2026-09-15 16:49:33,427 [INFO] ApiDb:250 - Set database path to: /Users/leon/.stmcufinder/plugins/mcufinder//mcu/
2026-09-15 16:49:33,427 [WARN] DbFile:41 - Overriding database path with different value: /Users/leon/.stmcufinder/plugins/mcufinder/ => /Users/leon/.stmcufinder/plugins/mcufinder
2026-09-15 16:49:33,427 [INFO] DbMcusAds:125 - Set database path to: /Users/leon/.stmcufinder/plugins/mcufinder//mcu/
2026-09-15 16:49:33,427 [WARN] DbFile:41 - Overriding database path with different value: /Users/leon/.stmcufinder/plugins/mcufinder/ => /Users/leon/.stmcufinder/plugins/mcufinder
2026-09-15 16:49:33,427 [WARN] DbFile:41 - Overriding database path with different value: /Users/leon/.stmcufinder/plugins/mcufinder/ => /Users/leon/.stmcufinder/plugins/mcufinder
2026-09-15 16:49:33,427 [INFO] CrossReferenceDbSqlite:203 - Set database path to: /Users/leon/.stmcufinder/plugins/mcufinder//mcu/cs/
2026-09-15 16:49:33,531 [INFO] MainPanel:274 - HeapMemory: 268435456
2026-09-15 16:49:34,141 [INFO] DbMcusXml:78 - Set database path to: /Applications/STM32CubeIDE.app/Contents/Eclipse/plugins/com.st.stm32cube.common.mx_6.15.0.202507011659//db//mcu/
2026-09-15 16:49:34,141 [INFO] ApiDb:274 - Set plugin database path to: /Applications/STM32CubeIDE.app/Contents/Eclipse/plugins/com.st.stm32cube.common.mx_6.15.0.202507011659//db//plugins/boardmanager/
2026-09-15 16:49:34,141 [INFO] ApiDb:261 - Set plugin images path to: /Applications/STM32CubeIDE.app/Contents/Eclipse/plugins/com.st.stm32cube.common.mx_6.15.0.202507011659//db//plugins/mcufinder/images/
2026-09-15 16:49:34,142 [WARN] DbFile:41 - Overriding database path with different value: /Users/leon/.stmcufinder/plugins/mcufinder/ => /Users/leon/.stmcufinder/plugins/mcufinder
2026-09-15 16:49:34,142 [INFO] ApiDb:250 - Set database path to: /Users/leon/.stmcufinder/plugins/mcufinder//mcu/
2026-09-15 16:49:34,142 [WARN] DbFile:41 - Overriding database path with different value: /Users/leon/.stmcufinder/plugins/mcufinder/ => /Users/leon/.stmcufinder/plugins/mcufinder
2026-09-15 16:49:34,142 [INFO] DbMcusAds:125 - Set database path to: /Users/leon/.stmcufinder/plugins/mcufinder//mcu/
2026-09-15 16:49:34,142 [WARN] DbFile:41 - Overriding database path with different value: /Users/leon/.stmcufinder/plugins/mcufinder/ => /Users/leon/.stmcufinder/plugins/mcufinder
2026-09-15 16:49:34,142 [WARN] DbFile:41 - Overriding database path with different value: /Users/leon/.stmcufinder/plugins/mcufinder/ => /Users/leon/.stmcufinder/plugins/mcufinder
2026-09-15 16:49:34,142 [INFO] CrossReferenceDbSqlite:203 - Set database path to: /Users/leon/.stmcufinder/plugins/mcufinder//mcu/cs/
2026-09-15 16:49:34,165 [INFO] ApplicationProperties:184 - Using Application install path: /Applications/STM32CubeIDE.app/Contents/Eclipse/plugins/com.st.stm32cube.common.mx_6.15.0.202507011659
2026-09-15 16:49:34,167 [INFO] PluginManage:196 - Search for loadable plugins [exclusion list=, ]
2026-09-15 16:49:34,170 [INFO] PluginManage:310 - Check plugin analytics
2026-09-15 16:49:34,539 [INFO] AnalyticsPlugin:253 - Accepted Software Licenses: 
2026-09-15 16:49:34,539 [INFO] AnalyticsPlugin:255 - Accepted CMSIS Pack Licenses: 
2026-09-15 16:49:34,540 [INFO] AnalyticsPlugin:257 - Accepted Firmware Licenses: FW.G4.1.6.0
2026-09-15 16:49:34,586 [INFO] PluginManage:359 - Loaded plugin analytics (category:tool,tabindex:-1)
2026-09-15 16:49:34,588 [INFO] PluginManage:310 - Check plugin cadmodel
2026-09-15 16:49:34,618 [INFO] CADModel:105 - Init CAD model plugin
2026-09-15 16:49:34,618 [INFO] PluginManage:359 - Loaded plugin cadmodel (category:power,tabindex:5)
2026-09-15 16:49:34,619 [INFO] PluginManage:310 - Check plugin clock
2026-09-15 16:49:34,630 [INFO] PluginManage:359 - Loaded plugin clock (category:base,tabindex:2)
2026-09-15 16:49:34,630 [INFO] PluginManage:310 - Check plugin ddr
2026-09-15 16:49:34,632 [INFO] PluginManage:359 - Loaded plugin ddr (category:tool,tabindex:6)
2026-09-15 16:49:34,632 [INFO] PluginManage:310 - Check plugin filemanager
2026-09-15 16:49:34,791 [INFO] PluginManage:359 - Loaded plugin filemanager (category:base,tabindex:10)
2026-09-15 16:49:34,792 [INFO] PluginManage:310 - Check plugin ipmanager
2026-09-15 16:49:34,798 [INFO] PluginManage:359 - Loaded plugin ipmanager (category:base,tabindex:5)
2026-09-15 16:49:34,799 [INFO] PluginManage:310 - Check plugin lpbam
2026-09-15 16:49:34,807 [INFO] PluginManage:359 - Loaded plugin lpbam (category:base,tabindex:0)
2026-09-15 16:49:34,807 [INFO] PluginManage:310 - Check plugin memorymap
2026-09-15 16:49:34,817 [INFO] PluginManage:359 - Loaded plugin memorymap (category:base,tabindex:4)
2026-09-15 16:49:34,817 [INFO] PluginManage:310 - Check plugin pinoutandconfiguration
2026-09-15 16:49:34,824 [INFO] PluginManage:359 - Loaded plugin pinoutandconfiguration (category:base,tabindex:1)
2026-09-15 16:49:34,824 [INFO] PluginManage:310 - Check plugin pinoutconfig
2026-09-15 16:49:34,924 [WARN] SupportedApi:132 - Cannot load RTOS API schema: s4s-elt-must-match.1: The content of 'definitions' must match (annotation?, (simpleType | complexType)?, (unique | key | keyref)*)). A problem was found starting at: attribute.
2026-09-15 16:49:35,068 [INFO] PluginManage:359 - Loaded plugin pinoutconfig (category:base,tabindex:0)
2026-09-15 16:49:35,068 [INFO] PluginManage:310 - Check plugin power
2026-09-15 16:49:35,083 [INFO] PluginManage:359 - Loaded plugin power (category:power,tabindex:4)
2026-09-15 16:49:35,083 [INFO] PluginManage:310 - Check plugin projectmanager
2026-09-15 16:49:35,110 [INFO] PluginManage:359 - Loaded plugin projectmanager (category:projectmanager,tabindex:4)
2026-09-15 16:49:35,111 [INFO] PluginManage:310 - Check plugin rif
2026-09-15 16:49:35,118 [INFO] PluginManage:359 - Loaded plugin rif (category:base,tabindex:3)
2026-09-15 16:49:35,118 [INFO] PluginManage:310 - Check plugin thirdparty
2026-09-15 16:49:35,294 [INFO] PluginManage:359 - Loaded plugin thirdparty (category:base,tabindex:-1)
2026-09-15 16:49:35,294 [INFO] PluginManage:310 - Check plugin tools
2026-09-15 16:49:35,294 [WARN] IntegrityCheckThread:84 - waiting for thirdparty lock release [integrity check]
2026-09-15 16:49:35,295 [INFO] IntegrityCheckThread:86 - entering critical section [integrity check]
2026-09-15 16:49:35,296 [INFO] ThirdPartyUpdaterWithRetryManager:70 - Updater plugin not ready yet. [1/15]
2026-09-15 16:49:35,299 [INFO] PluginManage:359 - Loaded plugin tools (category:base,tabindex:7)
2026-09-15 16:49:35,299 [INFO] PluginManage:310 - Check plugin tutovideos
2026-09-15 16:49:35,484 [INFO] PluginManage:359 - Loaded plugin tutovideos (category:base,tabindex:-1)
2026-09-15 16:49:35,484 [INFO] PluginManage:310 - Check plugin updater
2026-09-15 16:49:35,513 [INFO] PluginManage:359 - Loaded plugin updater (category:base,tabindex:12)
2026-09-15 16:49:35,513 [INFO] PluginManage:310 - Check plugin userauth
2026-09-15 16:49:35,519 [INFO] UserAuth:118 - Init User Auth plugin
2026-09-15 16:49:35,521 [INFO] PluginManage:359 - Loaded plugin userauth (category:base,tabindex:14)
2026-09-15 16:49:35,521 [INFO] PluginManage:283 - PluginManage : Loaded plugins [18]
2026-09-15 16:49:35,758 [INFO] PinOutPanel:1589 - setPackage(No Configuration,No Configuration)
2026-09-15 16:49:35,841 [INFO] CADModel:165 - CPN selected for project level
2026-09-15 16:49:35,841 [INFO] CADModel:114 - Register for checkConnection events
2026-09-15 16:49:35,851 [INFO] IPUIPlugin:80 - create IPUIPlugin
2026-09-15 16:49:35,851 [INFO] PluginManager:220 - loadIPPluginJar : add mdma
2026-09-15 16:49:35,857 [INFO] IPUIPlugin:80 - create IPUIPlugin
2026-09-15 16:49:35,857 [INFO] PluginManager:220 - loadIPPluginJar : add freertos
2026-09-15 16:49:35,860 [INFO] IPUIPlugin:80 - create IPUIPlugin
2026-09-15 16:49:35,861 [INFO] PluginManager:220 - loadIPPluginJar : add gic
2026-09-15 16:49:35,867 [INFO] IPUIPlugin:80 - create IPUIPlugin
2026-09-15 16:49:35,868 [INFO] PluginManager:220 - loadIPPluginJar : add adc
2026-09-15 16:49:35,869 [INFO] IPUIPlugin:80 - create IPUIPlugin
2026-09-15 16:49:35,870 [INFO] PluginManager:220 - loadIPPluginJar : add gtzc
2026-09-15 16:49:35,871 [INFO] IPUIPlugin:80 - create IPUIPlugin
2026-09-15 16:49:35,871 [INFO] PluginManager:220 - loadIPPluginJar : add quadspi
2026-09-15 16:49:35,872 [INFO] IPUIPlugin:80 - create IPUIPlugin
2026-09-15 16:49:35,872 [INFO] PluginManager:220 - loadIPPluginJar : add aes
2026-09-15 16:49:35,875 [INFO] IPUIPlugin:80 - create IPUIPlugin
2026-09-15 16:49:35,875 [INFO] PluginManager:220 - loadIPPluginJar : add pdm2pcm
2026-09-15 16:49:35,876 [INFO] IPUIPlugin:80 - create IPUIPlugin
2026-09-15 16:49:35,876 [INFO] PluginManager:220 - loadIPPluginJar : add hash
2026-09-15 16:49:35,877 [INFO] IPUIPlugin:80 - create IPUIPlugin
2026-09-15 16:49:35,877 [INFO] PluginManager:220 - loadIPPluginJar : add tim
2026-09-15 16:49:35,878 [INFO] IPUIPlugin:80 - create IPUIPlugin
2026-09-15 16:49:35,878 [INFO] PluginManager:220 - loadIPPluginJar : add tsc
2026-09-15 16:49:35,880 [INFO] IPUIPlugin:80 - create IPUIPlugin
2026-09-15 16:49:35,880 [INFO] PluginManager:220 - loadIPPluginJar : add extmemmanager
2026-09-15 16:49:35,882 [INFO] IPUIPlugin:80 - create IPUIPlugin
2026-09-15 16:49:35,882 [INFO] PluginManager:220 - loadIPPluginJar : add ts
2026-09-15 16:49:35,883 [INFO] IPUIPlugin:80 - create IPUIPlugin
2026-09-15 16:49:35,883 [INFO] PluginManager:220 - loadIPPluginJar : add radio
2026-09-15 16:49:35,884 [INFO] IPUIPlugin:80 - create IPUIPlugin
2026-09-15 16:49:35,884 [INFO] PluginManager:220 - loadIPPluginJar : add can
2026-09-15 16:49:35,885 [INFO] IPUIPlugin:80 - create IPUIPlugin
2026-09-15 16:49:35,885 [INFO] PluginManager:220 - loadIPPluginJar : add dma3
2026-09-15 16:49:35,886 [INFO] IPUIPlugin:80 - create IPUIPlugin
2026-09-15 16:49:35,887 [INFO] PluginManager:220 - loadIPPluginJar : add dfsdm
2026-09-15 16:49:35,888 [INFO] IPUIPlugin:80 - create IPUIPlugin
2026-09-15 16:49:35,888 [INFO] PluginManager:220 - loadIPPluginJar : add spi
2026-09-15 16:49:35,889 [INFO] IPUIPlugin:80 - create IPUIPlugin
2026-09-15 16:49:35,889 [INFO] PluginManager:220 - loadIPPluginJar : add gfxmmu
2026-09-15 16:49:35,891 [INFO] IPUIPlugin:80 - create IPUIPlugin
2026-09-15 16:49:35,891 [INFO] PluginManager:220 - loadIPPluginJar : add genericplugin
2026-09-15 16:49:35,892 [INFO] IPUIPlugin:80 - create IPUIPlugin
2026-09-15 16:49:35,892 [INFO] PluginManager:220 - loadIPPluginJar : add cryp
2026-09-15 16:49:35,894 [INFO] IPUIPlugin:80 - create IPUIPlugin
2026-09-15 16:49:35,894 [INFO] PluginManager:220 - loadIPPluginJar : add gpio
2026-09-15 16:49:35,897 [INFO] IPUIPlugin:80 - create IPUIPlugin
2026-09-15 16:49:35,897 [INFO] PluginManager:220 - loadIPPluginJar : add ddr_ctrl_phy
2026-09-15 16:49:35,898 [INFO] IPUIPlugin:80 - create IPUIPlugin
2026-09-15 16:49:35,898 [INFO] PluginManager:220 - loadIPPluginJar : add comp
2026-09-15 16:49:35,900 [INFO] IPUIPlugin:80 - create IPUIPlugin
2026-09-15 16:49:35,901 [INFO] PluginManager:220 - loadIPPluginJar : add tracer_emb
2026-09-15 16:49:35,902 [INFO] IPUIPlugin:80 - create IPUIPlugin
2026-09-15 16:49:35,902 [INFO] PluginManager:220 - loadIPPluginJar : add openamp
2026-09-15 16:49:35,906 [INFO] IPUIPlugin:80 - create IPUIPlugin
2026-09-15 16:49:35,906 [INFO] PluginManager:220 - loadIPPluginJar : add stm32_wpan
2026-09-15 16:49:35,911 [INFO] IPUIPlugin:80 - create IPUIPlugin
2026-09-15 16:49:35,914 [INFO] PluginManager:220 - loadIPPluginJar : add plateformsettings
2026-09-15 16:49:35,916 [INFO] IPUIPlugin:80 - create IPUIPlugin
2026-09-15 16:49:35,916 [INFO] PluginManager:220 - loadIPPluginJar : add ipddr
2026-09-15 16:49:35,917 [INFO] IPUIPlugin:80 - create IPUIPlugin
2026-09-15 16:49:35,917 [INFO] PluginManager:220 - loadIPPluginJar : add usart
2026-09-15 16:49:35,918 [INFO] IPUIPlugin:80 - create IPUIPlugin
2026-09-15 16:49:35,918 [INFO] PluginManager:220 - loadIPPluginJar : add ltdc
2026-09-15 16:49:35,920 [INFO] IPUIPlugin:80 - create IPUIPlugin
2026-09-15 16:49:35,920 [INFO] PluginManager:220 - loadIPPluginJar : add nvic
2026-09-15 16:49:35,921 [INFO] IPUIPlugin:80 - create IPUIPlugin
2026-09-15 16:49:35,921 [INFO] PluginManager:220 - loadIPPluginJar : add fatfs
2026-09-15 16:49:35,926 [INFO] IPUIPlugin:80 - create IPUIPlugin
2026-09-15 16:49:35,927 [INFO] PluginManager:220 - loadIPPluginJar : add linkedlist
2026-09-15 16:49:35,930 [INFO] IPUIPlugin:80 - create IPUIPlugin
2026-09-15 16:49:35,931 [INFO] PluginManager:220 - loadIPPluginJar : add dma
2026-09-15 16:49:35,933 [INFO] IPUIPlugin:80 - create IPUIPlugin
2026-09-15 16:49:35,933 [INFO] PluginManager:220 - loadIPPluginJar : add fmc
2026-09-15 16:49:35,935 [INFO] IPUIPlugin:80 - create IPUIPlugin
2026-09-15 16:49:35,935 [INFO] PluginManager:220 - loadIPPluginJar : add i2s
2026-09-15 16:49:35,936 [INFO] IPUIPlugin:80 - create IPUIPlugin
2026-09-15 16:49:35,936 [INFO] PluginManager:220 - loadIPPluginJar : add ucpd
2026-09-15 16:49:35,938 [INFO] IPUIPlugin:80 - create IPUIPlugin
2026-09-15 16:49:35,938 [INFO] PluginManager:220 - loadIPPluginJar : add lorawan
2026-09-15 16:49:35,940 [INFO] IPUIPlugin:80 - create IPUIPlugin
2026-09-15 16:49:35,940 [INFO] PluginManager:220 - loadIPPluginJar : add opamp
2026-09-15 16:49:35,941 [INFO] IPUIPlugin:80 - create IPUIPlugin
2026-09-15 16:49:35,941 [INFO] PluginManager:220 - loadIPPluginJar : add i3c
2026-09-15 16:49:35,943 [INFO] IPUIPlugin:80 - create IPUIPlugin
2026-09-15 16:49:35,944 [INFO] PluginManager:220 - loadIPPluginJar : add touchsensing
2026-09-15 16:49:35,945 [INFO] IPUIPlugin:80 - create IPUIPlugin
2026-09-15 16:49:35,945 [INFO] PluginManager:220 - loadIPPluginJar : add i2c
2026-09-15 16:49:35,947 [INFO] IPUIPlugin:80 - create IPUIPlugin
2026-09-15 16:49:35,947 [INFO] PluginManager:220 - loadIPPluginJar : add resmgrutility
2026-09-15 16:49:35,949 [INFO] IPUIPlugin:80 - create IPUIPlugin
2026-09-15 16:49:35,949 [INFO] PluginManager:220 - loadIPPluginJar : add sai
2026-09-15 16:49:35,953 [INFO] IPUIPlugin:80 - create IPUIPlugin
2026-09-15 16:49:35,953 [INFO] PluginManager:220 - loadIPPluginJar : add usbx
2026-09-15 16:49:36,063 [FATAL] Updater:351 - Updater called before beeing initialized
2026-09-15 16:49:36,105 [INFO] RulesReader:64 - Compatibility file has been processed (317 Rules)
2026-09-15 16:49:36,117 [INFO] RulesReader:64 - Compatibility file has been processed (317 Rules)
2026-09-15 16:49:36,126 [INFO] CADModel:165 - CPN selected for project level
2026-09-15 16:49:36,127 [INFO] CADModel:114 - Register for checkConnection events
2026-09-15 16:49:36,127 [FATAL] Updater:351 - Updater called before beeing initialized
2026-09-15 16:49:36,127 [ERROR] CADModel:125 - Updater not yet initialized, retry later 
2026-09-15 16:49:36,396 [FATAL] Updater:351 - Updater called before beeing initialized
2026-09-15 16:49:36,397 [INFO] CADModel:165 - CPN selected for project level
2026-09-15 16:49:36,397 [INFO] CADModel:114 - Register for checkConnection events
2026-09-15 16:49:36,397 [FATAL] Updater:351 - Updater called before beeing initialized
2026-09-15 16:49:36,397 [ERROR] CADModel:125 - Updater not yet initialized, retry later 
2026-09-15 16:49:36,401 [FATAL] Updater:351 - Updater called before beeing initialized
2026-09-15 16:49:36,586 [FATAL] Updater:351 - Updater called before beeing initialized
2026-09-15 16:49:36,591 [INFO] DbMcusAds:53 - JSON generation date=Wed Feb 18 22:32:49 CST 2026 (1771425169371)
2026-09-15 16:49:36,592 [FATAL] Updater:351 - Updater called before beeing initialized
2026-09-15 16:49:36,648 [WARN] DetailPanel:346 - Failed to get advertising image, set to default
2026-09-15 16:49:36,711 [FATAL] Updater:351 - Updater called before beeing initialized
2026-09-15 16:49:36,715 [FATAL] Updater:351 - Updater called before beeing initialized
2026-09-15 16:49:36,716 [FATAL] Updater:351 - Updater called before beeing initialized
2026-09-15 16:49:36,716 [WARN] DetailPanel:346 - Failed to get advertising image, set to default
2026-09-15 16:49:36,722 [FATAL] Updater:351 - Updater called before beeing initialized
2026-09-15 16:49:36,770 [ERROR] Updater:1198 - MainUpdater not yet initialized. External WinMGr cannot be set.
2026-09-15 16:49:36,772 [INFO] Updater:1134 - Updater Version found : 6.15.0
2026-09-15 16:49:36,785 [INFO] ApplicationProperties:184 - Using Application install path: /Applications/STM32CubeIDE.app/Contents/Eclipse/plugins/com.st.stm32cube.common.mx_6.15.0.202507011659
2026-09-15 16:49:37,171 [INFO] MainUpdater:2872 - connection check result : 10
2026-09-15 16:49:37,173 [INFO] MainUpdater:289 - Updater Check For Update Now.
2026-09-15 16:49:37,174 [INFO] MicroXplorer:498 - Change Database Version : DB.6.0.150
2026-09-15 16:49:37,207 [INFO] McuFinderGlobals:63 - Set McuFinder mode to 2 (CubeIDE integrated)
2026-09-15 16:49:37,210 [INFO] UserAuth:487 - Internet connection configuration mode: 1
2026-09-15 16:49:37,239 [INFO] JxBrowserEngine:152 - Initiate JxBrowser Engine with user profile folder
2026-09-15 16:49:37,580 [INFO] CheckServerUpdateThread:120 - End of CheckServer Thread
2026-09-15 16:49:38,754 [WARN] PackLoader:240 - Cannot read IP mode file for STMicroelectronics.X-CUBE-AZRTOS-H7.3.5.0
2026-09-15 16:49:39,022 [WARN] PackLoader:240 - Cannot read IP mode file for STMicroelectronics.FP-SNS-MOTENVWB1.1.4.0
2026-09-15 16:49:39,068 [WARN] PackLoader:240 - Cannot read IP mode file for STMicroelectronics.FP-ATR-ASTRA1.2.0.3
2026-09-15 16:49:39,111 [WARN] PackLoader:240 - Cannot read IP mode file for STMicroelectronics.FP-ATR-ASTRA1.2.0.2
2026-09-15 16:49:39,127 [ERROR] Engine:466 - /Users/leon/.stm32cubemx/thirdparties/pdsc/STMicroelectronics.X-CUBE-SMBUS.2.1.1.pdsc: PDSC version is not supported
2026-09-15 16:49:39,133 [WARN] PackLoader:240 - Cannot read IP mode file for STMicroelectronics.X-CUBE-SMBUS.2.1.0
2026-09-15 16:49:39,508 [WARN] PackLoader:240 - Cannot read IP mode file for STMicroelectronics.X-CUBE-AZRTOS-F7.1.1.0
2026-09-15 16:49:39,957 [WARN] PackLoader:240 - Cannot read IP mode file for STMicroelectronics.X-CUBE-FREERTOS.1.6.0
2026-09-15 16:49:40,014 [WARN] PackLoader:240 - Cannot read IP mode file for STMicroelectronics.FP-SNS-MOTENV1.5.1.0
2026-09-15 16:49:40,142 [WARN] PackLoader:240 - Cannot read IP mode file for STMicroelectronics.X-CUBE-AZRTOS-H7RS.1.3.0
2026-09-15 16:49:40,235 [WARN] PackLoader:240 - Cannot read IP mode file for WES.I-CUBE-Cesium.1.4.0
2026-09-15 16:49:40,335 [WARN] PackLoader:240 - Cannot read IP mode file for STMicroelectronics.X-CUBE-AZRTOS-H7.3.4.0
2026-09-15 16:49:40,504 [WARN] PackLoader:240 - Cannot read IP mode file for STMicroelectronics.X-CUBE-DISPLAY.3.0.0
2026-09-15 16:49:40,554 [WARN] PackLoader:240 - Cannot read IP mode file for STMicroelectronics.X-CUBE-GNSS1.7.1.1
2026-09-15 16:49:40,561 [WARN] PackLoader:240 - Cannot read IP mode file for STMicroelectronics.FP-SNS-MOTENVWB1.1.5.0
2026-09-15 16:49:40,582 [WARN] PackLoader:240 - Cannot read IP mode file for STMicroelectronics.X-CUBE-NFC10.1.0.0
2026-09-15 16:49:40,598 [WARN] PackLoader:240 - Cannot read IP mode file for STMicroelectronics.X-CUBE-ST60.1.1.0
2026-09-15 16:49:40,618 [WARN] PackLoader:240 - Cannot read IP mode file for emotas.I-CUBE-CANOPEN.1.3.0
2026-09-15 16:49:40,626 [ERROR] Engine:466 - /Users/leon/.stm32cubemx/thirdparties/pdsc/STMicroelectronics.X-CUBE-WBA.1.1.0.pdsc: PDSC version is not supported
2026-09-15 16:49:40,636 [WARN] PackLoader:240 - Cannot read IP mode file for STMicroelectronics.X-CUBE-GNSS1.7.1.0
2026-09-15 16:49:40,647 [WARN] PackLoader:240 - Cannot read IP mode file for STMicroelectronics.FP-SNS-STBOX1.2.1.0
2026-09-15 16:49:40,660 [WARN] PackLoader:240 - Cannot read IP mode file for STMicroelectronics.FP-SNS-SMARTAG2.1.2.0
2026-09-15 16:49:40,670 [WARN] PackLoader:240 - Cannot read IP mode file for STMicroelectronics.FP-SNS-FLIGHT1.5.1.0
2026-09-15 16:49:40,680 [INFO] LogOutputStream:77 - [STDOUT_REDIRECT] 1 : Invalid condition id : UX_CORESTACK_Condition cause : null
2026-09-15 16:49:40,684 [INFO] LogOutputStream:77 - [STDOUT_REDIRECT] 1 : Invalid condition id : UX_CORESTACK_Condition cause : null
2026-09-15 16:49:40,685 [INFO] LogOutputStream:77 - [STDOUT_REDIRECT] 1 : Invalid condition id : UX_CORESTACK_Condition cause : null
2026-09-15 16:49:40,685 [INFO] LogOutputStream:77 - [STDOUT_REDIRECT] 1 : Invalid condition id : UX_CORESTACK_Condition cause : null
2026-09-15 16:49:40,686 [INFO] LogOutputStream:77 - [STDOUT_REDIRECT] 1 : Invalid condition id : UX_CORESTACK_Condition cause : null
2026-09-15 16:49:40,693 [WARN] PackLoader:240 - Cannot read IP mode file for STMicroelectronics.X-CUBE-AZRTOS-WL.2.0.0
2026-09-15 16:49:40,733 [WARN] PackLoader:240 - Cannot read IP mode file for STMicroelectronics.X-CUBE-AZRTOS-H7RS.1.2.0
2026-09-15 16:49:40,750 [WARN] PackLoader:240 - Cannot read IP mode file for STMicroelectronics.X-CUBE-BLE2.3.3.0
2026-09-15 16:49:40,851 [WARN] PackLoader:240 - Cannot read IP mode file for Infineon.AIROC-Wi-Fi-Bluetooth-STM32.1.8.0
2026-09-15 16:49:40,924 [WARN] PackLoader:240 - Cannot read IP mode file for STMicroelectronics.X-CUBE-NFC9.1.0.0
2026-09-15 16:49:40,945 [WARN] PackLoader:240 - Cannot read IP mode file for STMicroelectronics.X-CUBE-BLE1.7.1.0
2026-09-15 16:49:40,952 [WARN] PackLoader:240 - Cannot read IP mode file for wolfSSL.I-CUBE-wolfMQTT.1.19.2
2026-09-15 16:49:40,983 [WARN] PackLoader:240 - Cannot read IP mode file for STMicroelectronics.X-CUBE-FREERTOS.1.4.0
2026-09-15 16:49:41,001 [WARN] PackLoader:240 - Cannot read IP mode file for STMicroelectronics.X-CUBE-EEPRMA1.5.2.0
2026-09-15 16:49:41,010 [WARN] PackLoader:240 - Cannot read IP mode file for wolfSSL.I-CUBE-wolfSSL.5.8.4
2026-09-15 16:49:41,014 [WARN] PackLoader:240 - Cannot read IP mode file for Cesanta.I-CUBE-Mongoose.7.20.0
2026-09-15 16:49:41,019 [WARN] PackLoader:240 - Cannot read IP mode file for STMicroelectronics.FP-SNS-STAIOTCFT.1.1.0
2026-09-15 16:49:41,097 [WARN] PackLoader:240 - Cannot read IP mode file for STMicroelectronics.X-CUBE-MEMS1.12.0.0
2026-09-15 16:49:41,238 [WARN] PackLoader:240 - Cannot read IP mode file for STMicroelectronics.X-CUBE-AZRTOS-G0.1.1.0
2026-09-15 16:49:41,257 [WARN] PackLoader:240 - Cannot read IP mode file for STMicroelectronics.X-CUBE-NFC4.3.0.0
2026-09-15 16:49:41,274 [WARN] PackLoader:240 - Cannot read IP mode file for EmbeddedOffice.I-CUBE-FS-RTOS.1.0.1
2026-09-15 16:49:41,284 [WARN] PackLoader:240 - Cannot read IP mode file for STMicroelectronics.X-CUBE-WB05N.2.0.0
2026-09-15 16:49:41,289 [WARN] PackLoader:240 - Cannot read IP mode file for wolfSSL.I-CUBE-wolfTPM.3.8.0
2026-09-15 16:49:41,296 [WARN] PackLoader:240 - Cannot read IP mode file for STMicroelectronics.X-CUBE-TCPP.4.2.0
2026-09-15 16:49:41,306 [WARN] PackLoader:240 - Cannot read IP mode file for RealThread.X-CUBE-RT-Thread_Nano.4.1.1
2026-09-15 16:49:41,312 [WARN] PackLoader:240 - Cannot read IP mode file for STMicroelectronics.FP-ATR-SIGFOX1.3.2.0
2026-09-15 16:49:41,319 [WARN] PackLoader:240 - Cannot read IP mode file for STMicroelectronics.X-CUBE-FREERTOS.1.5.0
2026-09-15 16:49:41,324 [WARN] PackLoader:240 - Cannot read IP mode file for ITTIA_DB.I-CUBE-ITTIADB.8.9.0
2026-09-15 16:49:41,334 [WARN] PackLoader:240 - Cannot read IP mode file for STMicroelectronics.X-CUBE-NFC6.3.2.0
2026-09-15 16:49:41,461 [WARN] PackLoader:240 - Cannot read IP mode file for STMicroelectronics.X-CUBE-AI.10.2.1
2026-09-15 16:49:41,469 [WARN] PackLoader:240 - Cannot read IP mode file for STMicroelectronics.X-CUBE-AI.10.2.0
2026-09-15 16:49:41,555 [WARN] PackLoader:240 - Cannot read IP mode file for STMicroelectronics.X-CUBE-MEMS1.12.1.0
2026-09-15 16:49:42,684 [WARN] PackLoader:240 - Cannot read IP mode file for SEGGER.I-CUBE-embOS.1.3.1
2026-09-15 16:49:43,025 [WARN] PackLoader:240 - Cannot read IP mode file for STMicroelectronics.X-CUBE-ALGOBUILD.1.4.0
2026-09-15 16:49:43,109 [ERROR] Engine:466 - /Users/leon/.stm32cubemx/thirdparties/pdsc/STMicroelectronics.FP-SNS-STAIOTCFT.2.0.0.pdsc: PDSC version is not supported
2026-09-15 16:49:43,158 [WARN] PackLoader:240 - Cannot read IP mode file for STMicroelectronics.X-CUBE-NFC13.1.0.0
2026-09-15 16:49:43,181 [WARN] PackLoader:240 - Cannot read IP mode file for STMicroelectronics.X-CUBE-PM33A1.1.0.0
2026-09-15 16:49:43,230 [INFO] WebApp:169 - Instantiating new browser for Auth
2026-09-15 16:49:43,254 [WARN] PackLoader:240 - Cannot read IP mode file for STMicroelectronics.X-CUBE-AZRTOS-F4.1.1.0
2026-09-15 16:49:43,315 [WARN] PackLoader:240 - Cannot read IP mode file for STMicroelectronics.X-CUBE-ISPU.2.1.0
2026-09-15 16:49:43,398 [WARN] PackLoader:240 - Cannot read IP mode file for STMicroelectronics.X-CUBE-IPS.3.2.0
2026-09-15 16:49:43,427 [WARN] PackLoader:240 - Cannot read IP mode file for STMicroelectronics.eDS-WB_DPC_TT-BIDIR.2.1.1
2026-09-15 16:49:43,530 [WARN] PackLoader:240 - Cannot read IP mode file for STMicroelectronics.X-CUBE-NFC12.1.0.0
2026-09-15 16:49:43,598 [WARN] PackLoader:240 - Cannot read IP mode file for STMicroelectronics.X-CUBE-AZRTOS-L5.2.0.0
2026-09-15 16:49:43,632 [WARN] PackLoader:240 - Cannot read IP mode file for STMicroelectronics.X-CUBE-ALGOBUILD.1.5.0
2026-09-15 16:49:43,637 [WARN] PackLoader:240 - Cannot read IP mode file for STMicroelectronics.eDS-WB_DPC_VIENNA.1.2.0
2026-09-15 16:49:43,816 [WARN] PackLoader:240 - Cannot read IP mode file for STMicroelectronics.X-CUBE-MEMS1.13.0.0
2026-09-15 16:49:43,970 [WARN] PackLoader:240 - Cannot read IP mode file for STMicroelectronics.eDS-WB_DPC_3PH2L-BIDIR.1.1.1
2026-09-15 16:49:43,987 [ERROR] Engine:466 - /Users/leon/.stm32cubemx/thirdparties/pdsc/STMicroelectronics.X-CUBE-ST67W61.1.3.0.pdsc: PDSC version is not supported
2026-09-15 16:49:44,001 [WARN] PackLoader:240 - Cannot read IP mode file for STMicroelectronics.X-CUBE-TOUCHGFX.4.26.0
2026-09-15 16:49:44,009 [WARN] PackLoader:240 - Cannot read IP mode file for STMicroelectronics.X-CUBE-TOUCHGFX.4.26.1
2026-09-15 16:49:44,021 [WARN] PackLoader:240 - Cannot read IP mode file for STMicroelectronics.FP-SNS-STAIOTCFT.1.0.0
2026-09-15 16:49:44,033 [WARN] PackLoader:240 - Cannot read IP mode file for STMicroelectronics.X-CUBE-DPower.1.3.0
2026-09-15 16:49:44,066 [WARN] ConditionMgr:438 - getConditionDescription Invalid condition id : LAN8742 Phy interface Condition cause : null
2026-09-15 16:49:44,068 [WARN] PackLoader:240 - Cannot read IP mode file for STMicroelectronics.X-CUBE-AZRTOS-L4.2.0.0
2026-09-15 16:49:44,071 [WARN] ConditionMgr:1044 - genDependencies : Invalid condition id : LAN8742 Phy interface Condition cause : null
2026-09-15 16:49:44,073 [WARN] ConditionMgr:1044 - genDependencies : Invalid condition id : LAN8742 Phy interface Condition cause : null
2026-09-15 16:49:44,074 [WARN] ConditionMgr:1044 - genDependencies : Invalid condition id : LAN8742 Phy interface Condition cause : null
2026-09-15 16:49:44,089 [WARN] PackLoader:240 - Cannot read IP mode file for STMicroelectronics.X-CUBE-SFXS2LP1.4.0.0
2026-09-15 16:49:44,106 [WARN] PackLoader:240 - Cannot read IP mode file for STMicroelectronics.X-CUBE-WB05N.2.1.0
2026-09-15 16:49:44,117 [WARN] PackLoader:240 - Cannot read IP mode file for STMicroelectronics.X-CUBE-ST67W61.1.2.0
2026-09-15 16:49:44,139 [WARN] PackLoader:240 - Cannot read IP mode file for STMicroelectronics.X-CUBE-BLEMGR.4.1.0
2026-09-15 16:49:44,162 [WARN] ConditionMgr:438 - getConditionDescription Invalid condition id : UX DEVICE CLASS RTOS Condition cause : null
2026-09-15 16:49:44,162 [WARN] ConditionMgr:438 - getConditionDescription Invalid condition id : UX DEVICE CLASS RTOS Condition cause : null
2026-09-15 16:49:44,167 [WARN] PackLoader:240 - Cannot read IP mode file for STMicroelectronics.X-CUBE-AZRTOS-WB.2.0.0
2026-09-15 16:49:44,168 [WARN] ConditionMgr:1044 - genDependencies : Invalid condition id : UX DEVICE CLASS RTOS Condition cause : null
2026-09-15 16:49:44,168 [WARN] ConditionMgr:1044 - genDependencies : Invalid condition id : UX DEVICE CLASS RTOS Condition cause : null
2026-09-15 16:49:44,169 [WARN] ConditionMgr:1044 - genDependencies : Invalid condition id : UX DEVICE CLASS RTOS Condition cause : null
2026-09-15 16:49:44,170 [WARN] ConditionMgr:1044 - genDependencies : Invalid condition id : UX DEVICE CLASS RTOS Condition cause : null
2026-09-15 16:49:44,170 [WARN] ConditionMgr:1044 - genDependencies : Invalid condition id : UX DEVICE CLASS RTOS Condition cause : null
2026-09-15 16:49:44,174 [WARN] ConditionMgr:438 - getConditionDescription Invalid condition id : Cortex-A Device cause : null
2026-09-15 16:49:44,224 [WARN] ConditionMgr:1044 - genDependencies : Invalid condition id : Cortex-A Device cause : null
2026-09-15 16:49:44,225 [WARN] ConditionMgr:1044 - genDependencies : Invalid condition id : Cortex-A Device cause : null
2026-09-15 16:49:44,225 [WARN] ConditionMgr:1044 - genDependencies : Invalid condition id : Cortex-A Device cause : null
2026-09-15 16:49:44,234 [WARN] PackLoader:240 - Cannot read IP mode file for STMicroelectronics.X-CUBE-STSE01.2.0.0
2026-09-15 16:49:44,607 [WARN] PackLoader:240 - Cannot read IP mode file for STMicroelectronics.X-CUBE-SUBG2.5.0.0
2026-09-15 16:49:44,961 [WARN] PackLoader:240 - Cannot read IP mode file for STMicroelectronics.X-CUBE-AZRTOS-G4.2.0.0
2026-09-15 16:49:45,007 [WARN] PackLoader:240 - Cannot read IP mode file for wolfSSL.I-CUBE-wolfSSH.1.4.20
2026-09-15 16:49:45,025 [WARN] PackLoader:240 - Cannot read IP mode file for STMicroelectronics.X-CUBE-NFC7.2.0.0
2026-09-15 16:49:45,032 [ERROR] Engine:466 - /Users/leon/.stm32cubemx/thirdparties/pdsc/STMicroelectronics.X-CUBE-BLEMGR.4.2.0.pdsc: PDSC version is not supported
2026-09-15 16:49:45,036 [WARN] PackLoader:240 - Cannot read IP mode file for STMicroelectronics.X-CUBE-ALS.1.0.2
2026-09-15 16:49:45,063 [WARN] PackLoader:240 - Cannot read IP mode file for STMicroelectronics.X-CUBE-TOF1.3.4.3
2026-09-15 16:49:45,096 [INFO] ThirdParty:978 - Integrity check success = true
2026-09-15 16:49:45,096 [INFO] IntegrityCheckThread:100 - exiting critical section [integrity check]
2026-09-15 16:49:45,096 [INFO] IntegrityCheckThread:103 - End integrity checks thread
2026-09-15 16:49:45,881 [INFO] WebApp:463 - Apply proxy settings
2026-09-15 16:49:45,915 [INFO] WebApp:508 - Chromium authenticates against Manually configured proxy
2026-09-15 16:49:45,936 [INFO] WebApp:516 - Username used for proxy authentication: 
2026-09-15 16:49:45,994 [INFO] WebApp:900 - Register for checkConnection events
2026-09-15 16:49:46,002 [INFO] WebApp:463 - Apply proxy settings
2026-09-15 16:49:46,015 [INFO] WebApp:508 - Chromium authenticates against Manually configured proxy
2026-09-15 16:49:46,020 [INFO] WebApp:516 - Username used for proxy authentication: 
2026-09-15 16:49:46,437 [INFO] WebApp:225 - Starting web application
2026-09-15 16:49:46,443 [INFO] WebApp:593 - Web application path used /Applications/STM32CubeIDE.app/Contents/Eclipse/plugins/com.st.stm32cube.common.mx_6.15.0.202507011659/db/plugins/mcufinder/reactClient1/index.html
2026-09-15 16:49:46,478 [INFO] WebApp:191 - Connection restablished
2026-09-15 16:49:47,463 [INFO] UserAuth:487 - Internet connection configuration mode: 1
2026-09-15 19:38:37,212 [INFO] WebApp:194 - Connection lost
2026-09-15 19:38:41,513 [INFO] WebApp:191 - Connection restablished
2026-09-15 19:39:10,643 [INFO] WebApp:194 - Connection lost
2026-09-15 19:40:59,212 [INFO] WebApp:191 - Connection restablished
2026-09-15 19:47:09,099 [INFO] WebApp:194 - Connection lost
2026-09-15 19:47:30,037 [INFO] WebApp:191 - Connection restablished
2026-09-15 19:52:22,274 [INFO] WebApp:194 - Connection lost
2026-09-15 19:52:39,858 [INFO] WebApp:191 - Connection restablished
2026-09-15 19:52:55,134 [INFO] WebApp:194 - Connection lost
2026-09-15 19:53:00,406 [INFO] WebApp:191 - Connection restablished
2026-09-15 19:53:30,423 [INFO] WebApp:194 - Connection lost
2026-09-15 19:53:42,333 [INFO] WebApp:191 - Connection restablished
2026-09-15 20:06:08,085 [INFO] WebApp:194 - Connection lost
2026-09-15 20:06:32,905 [INFO] WebApp:191 - Connection restablished
2026-09-15 20:06:42,148 [INFO] WebApp:194 - Connection lost
2026-09-15 20:19:27,348 [INFO] WebApp:191 - Connection restablished
