2026-03-25 00:06:07,290 [INFO] WebApp:194 - Connection lost
2026-03-25 00:06:15,124 [INFO] WebApp:191 - Connection restablished
2026-03-25 00:10:58,683 [INFO] WebApp:194 - Connection lost
2026-03-25 00:11:09,390 [INFO] WebApp:191 - Connection restablished
2026-03-25 00:11:54,452 [INFO] WebApp:194 - Connection lost
2026-03-25 00:12:18,472 [INFO] WebApp:191 - Connection restablished
2026-03-25 00:12:54,571 [INFO] WebApp:194 - Connection lost
2026-03-25 00:15:53,828 [INFO] WebApp:191 - Connection restablished
2026-03-25 08:41:28,296 [INFO] WebApp:194 - Connection lost
2026-03-25 08:41:37,094 [INFO] WebApp:191 - Connection restablished
2026-03-25 08:42:27,835 [INFO] WebApp:194 - Connection lost
2026-03-25 08:42:36,501 [INFO] WebApp:191 - Connection restablished
2026-03-25 08:42:50,924 [INFO] WebApp:194 - Connection lost
2026-03-25 08:43:03,443 [INFO] WebApp:191 - Connection restablished
2026-03-25 08:43:46,132 [INFO] WebApp:194 - Connection lost
2026-03-25 08:43:51,491 [INFO] WebApp:191 - Connection restablished
2026-03-25 08:43:52,286 [INFO] WebApp:194 - Connection lost
2026-03-25 08:43:56,255 [INFO] WebApp:191 - Connection restablished
2026-03-25 08:44:04,702 [INFO] WebApp:194 - Connection lost
2026-03-25 08:44:09,931 [INFO] WebApp:191 - Connection restablished
2026-03-25 08:44:19,920 [INFO] WebApp:194 - Connection lost
2026-03-25 08:44:23,800 [INFO] WebApp:191 - Connection restablished
2026-03-25 08:45:12,548 [INFO] WebApp:194 - Connection lost
2026-03-25 08:45:33,750 [INFO] WebApp:191 - Connection restablished
2026-03-25 08:45:46,215 [INFO] WebApp:194 - Connection lost
2026-03-25 08:45:49,523 [INFO] WebApp:191 - Connection restablished
2026-03-25 08:46:42,438 [INFO] WebApp:194 - Connection lost
2026-03-25 08:46:46,691 [INFO] WebApp:191 - Connection restablished
2026-03-25 09:18:11,730 [INFO] WebApp:194 - Connection lost
2026-03-25 09:18:16,076 [INFO] WebApp:191 - Connection restablished
2026-03-25 09:19:23,178 [INFO] WebApp:194 - Connection lost
2026-03-25 09:19:33,076 [INFO] WebApp:191 - Connection restablished
2026-03-25 09:19:57,426 [INFO] WebApp:194 - Connection lost
2026-03-25 09:20:58,762 [INFO] WebApp:191 - Connection restablished
2026-03-25 09:22:12,968 [INFO] WebApp:194 - Connection lost
2026-03-25 09:22:21,680 [INFO] WebApp:191 - Connection restablished
2026-03-25 09:23:27,607 [INFO] ADCParametersView:116 -                Rank 1 : false
2026-03-25 09:23:27,616 [INFO] ADCParametersView:116 -                Rank 1 : false
2026-03-25 09:23:27,617 [INFO] ADCParametersView:116 -                Rank 1 : false
2026-03-25 09:23:27,620 [INFO] ADCParametersView:116 -                Rank 1 : false
2026-03-25 09:23:27,620 [INFO] ADCParametersView:116 -                Rank 1 : false
2026-03-25 09:23:27,621 [INFO] ADCParametersView:116 -                Rank 1 : false
2026-03-25 09:23:27,621 [INFO] ADCParametersView:116 -                Rank 1 : false
2026-03-25 09:23:27,621 [INFO] ADCParametersView:116 -                Rank 1 : false
2026-03-25 09:23:27,621 [INFO] ADCParametersView:116 -                Rank 1 : false
2026-03-25 09:23:27,622 [INFO] ADCParametersView:116 -                Rank 1 : false
2026-03-25 09:23:27,622 [INFO] ADCParametersView:116 -                Rank 1 : false
2026-03-25 09:23:27,622 [INFO] ADCParametersView:116 -                Rank 1 : false
2026-03-25 09:23:27,622 [INFO] ADCParametersView:116 -                Rank 1 : false
2026-03-25 09:23:27,622 [INFO] ADCParametersView:116 -                Rank 1 : false
2026-03-25 09:23:27,623 [INFO] ADCParametersView:116 -                Rank 1 : false
2026-03-25 09:23:27,623 [INFO] ADCParametersView:116 -                Rank 1 : false
2026-03-25 09:23:27,623 [INFO] ADCParametersView:116 -                Rank 1 : false
2026-03-25 09:23:27,623 [INFO] ADCParametersView:116 -                Rank 1 : false
2026-03-25 09:23:27,623 [INFO] ADCParametersView:116 -                Rank 1 : false
2026-03-25 09:23:27,623 [INFO] ADCParametersView:116 -                Rank 1 : false
2026-03-25 09:23:27,624 [INFO] ADCParametersView:116 -                Rank 1 : false
2026-03-25 09:23:27,859 [INFO] ADCParametersView:116 -                Rank 1 : false
2026-03-25 09:23:28,075 [INFO] ADCParametersView:116 -                Rank 1 : false
2026-03-25 09:23:28,075 [INFO] ADCParametersView:116 -                Rank 1 : false
2026-03-25 09:23:28,075 [INFO] ADCParametersView:116 -                Rank 1 : false
2026-03-25 09:23:28,076 [INFO] ADCParametersView:116 -                Rank 1 : false
2026-03-25 09:23:28,076 [INFO] ADCParametersView:116 -                Rank 1 : false
2026-03-25 09:23:28,076 [INFO] ADCParametersView:116 -                Rank 1 : false
2026-03-25 09:23:28,076 [INFO] ADCParametersView:116 -                Rank 1 : false
2026-03-25 09:23:28,076 [INFO] ADCParametersView:116 -                Rank 1 : false
2026-03-25 09:23:28,077 [INFO] ADCParametersView:116 -                Rank 1 : false
2026-03-25 09:23:28,077 [INFO] ADCParametersView:116 -                Rank 1 : false
2026-03-25 09:23:28,077 [INFO] ADCParametersView:116 -                Rank 1 : false
2026-03-25 09:23:28,077 [INFO] ADCParametersView:116 -                Rank 1 : false
2026-03-25 09:23:28,077 [INFO] ADCParametersView:116 -                Rank 1 : false
2026-03-25 09:23:28,077 [INFO] ADCParametersView:116 -                Rank 1 : false
2026-03-25 09:23:28,078 [INFO] ADCParametersView:116 -                Rank 1 : false
2026-03-25 09:23:28,078 [INFO] ADCParametersView:116 -                Rank 1 : false
2026-03-25 09:23:28,078 [INFO] ADCParametersView:116 -                Rank 1 : false
2026-03-25 09:23:28,078 [INFO] ADCParametersView:116 -                Rank 1 : false
2026-03-25 09:23:28,078 [INFO] ADCParametersView:116 -                Rank 1 : false
2026-03-25 09:23:28,078 [INFO] ADCParametersView:116 -                Rank 1 : false
2026-03-25 09:23:28,078 [INFO] ADCParametersView:116 -                Rank 1 : false
2026-03-25 09:23:28,155 [INFO] ADCParametersView:116 -                Rank 1 : false
2026-03-25 09:23:28,227 [INFO] NvicIntPanel:101 - NVIC parent = com.st.microxplorer.plugins.ip.nvic.MultiNvicIntPanel[,0,0,0x0,invalid,layout=javax.swing.BoxLayout,alignmentX=0.0,alignmentY=0.0,border=,flags=9,maximumSize=,minimumSize=,preferredSize=]
2026-03-25 09:40:05,597 [INFO] WebApp:194 - Connection lost
2026-03-25 09:46:27,104 [INFO] WebApp:191 - Connection restablished
2026-03-25 10:39:47,119 [INFO] WebApp:194 - Connection lost
2026-03-25 10:39:52,365 [INFO] WebApp:191 - Connection restablished
2026-03-25 10:40:23,535 [INFO] WebApp:194 - Connection lost
2026-03-25 10:41:27,200 [INFO] WebApp:191 - Connection restablished
2026-03-25 10:41:31,956 [INFO] WebApp:194 - Connection lost
2026-03-25 10:41:36,071 [INFO] WebApp:191 - Connection restablished
2026-03-25 10:41:51,708 [INFO] WebApp:194 - Connection lost
2026-03-25 10:41:57,428 [INFO] WebApp:191 - Connection restablished
2026-03-25 10:42:22,752 [INFO] WebApp:194 - Connection lost
2026-03-25 10:42:35,216 [INFO] WebApp:191 - Connection restablished
2026-03-25 10:42:52,751 [INFO] WebApp:194 - Connection lost
2026-03-25 10:43:35,134 [INFO] WebApp:191 - Connection restablished
2026-03-25 10:44:28,969 [INFO] WebApp:194 - Connection lost
2026-03-25 10:44:33,701 [INFO] WebApp:191 - Connection restablished
2026-03-25 13:04:31,190 [INFO] WebApp:194 - Connection lost
2026-03-25 13:04:39,358 [INFO] WebApp:191 - Connection restablished
2026-03-25 13:05:06,315 [INFO] WebApp:194 - Connection lost
2026-03-25 13:05:50,382 [INFO] WebApp:191 - Connection restablished
2026-03-25 13:06:18,273 [INFO] WebApp:194 - Connection lost
2026-03-25 13:07:33,137 [INFO] WebApp:191 - Connection restablished
2026-03-25 13:11:52,899 [INFO] WebApp:194 - Connection lost
2026-03-25 13:12:01,624 [INFO] WebApp:191 - Connection restablished
2026-03-25 13:13:03,378 [INFO] WebApp:194 - Connection lost
2026-03-25 14:28:38,054 [INFO] WebApp:191 - Connection restablished
2026-03-25 14:28:54,730 [INFO] WebApp:194 - Connection lost
2026-03-25 14:28:58,632 [INFO] WebApp:191 - Connection restablished
2026-03-25 14:29:57,241 [INFO] WebApp:194 - Connection lost
2026-03-25 14:30:13,910 [INFO] WebApp:191 - Connection restablished
2026-03-25 14:30:32,633 [INFO] WebApp:194 - Connection lost
2026-03-25 14:33:49,653 [INFO] WebApp:191 - Connection restablished
2026-03-25 17:26:03,430 [INFO] WebApp:194 - Connection lost
2026-03-25 17:26:07,556 [INFO] WebApp:191 - Connection restablished
2026-03-25 17:27:10,919 [INFO] WebApp:194 - Connection lost
2026-03-25 17:28:35,304 [INFO] WebApp:191 - Connection restablished
2026-03-25 17:41:59,624 [INFO] WebApp:194 - Connection lost
2026-03-25 17:42:09,945 [INFO] WebApp:191 - Connection restablished
2026-03-25 17:42:19,300 [INFO] WebApp:194 - Connection lost
2026-03-25 17:43:07,333 [INFO] WebApp:191 - Connection restablished
2026-03-25 17:48:41,566 [INFO] WebApp:194 - Connection lost
2026-03-25 19:37:33,740 [INFO] WebApp:191 - Connection restablished
2026-03-25 19:37:34,868 [INFO] WebApp:194 - Connection lost
2026-03-25 19:37:35,996 [INFO] WebApp:191 - Connection restablished
2026-03-25 21:25:30,661 [INFO] WebApp:194 - Connection lost
2026-03-25 21:25:31,766 [INFO] WebApp:191 - Connection restablished
2026-03-25 22:15:53,981 [INFO] WebApp:194 - Connection lost
2026-03-25 22:15:55,104 [INFO] WebApp:191 - Connection restablished
2026-03-25 22:16:12,417 [INFO] WebApp:194 - Connection lost
2026-03-25 22:16:12,714 [INFO] WebApp:191 - Connection restablished
2026-03-25 22:18:09,613 [INFO] WebApp:194 - Connection lost
2026-03-25 22:18:10,369 [INFO] WebApp:191 - Connection restablished
2026-03-25 22:18:27,645 [INFO] WebApp:194 - Connection lost
2026-03-25 22:18:27,917 [INFO] WebApp:191 - Connection restablished
2026-03-25 22:23:22,194 [INFO] WebApp:194 - Connection lost
2026-03-25 22:30:59,283 [INFO] WebApp:191 - Connection restablished
2026-03-25 22:31:03,094 [INFO] WebApp:194 - Connection lost
2026-03-25 23:05:10,960 [INFO] WebApp:191 - Connection restablished
2026-03-25 23:05:42,693 [INFO] WebApp:194 - Connection lost
2026-03-25 23:05:43,091 [INFO] WebApp:191 - Connection restablished
2026-03-25 23:05:55,054 [INFO] WebApp:194 - Connection lost
2026-03-25 23:07:29,517 [ERROR] WebApp:412 - JxBrowser engine crashed! Exit code: 133
